Archive member included to satisfy reference by file (symbol)

c:/ac6/systemworkbench/plugins/fr.ac6.mcu.externaltools.arm-none.win32_1.16.0.201807130628/tools/compiler/bin/../lib/gcc/arm-none-eabi/7.2.1/../../../../arm-none-eabi/lib/thumb/v7-m\libm.a(lib_a-w_pow.o)
                              Src/bmp280.o (pow)
c:/ac6/systemworkbench/plugins/fr.ac6.mcu.externaltools.arm-none.win32_1.16.0.201807130628/tools/compiler/bin/../lib/gcc/arm-none-eabi/7.2.1/../../../../arm-none-eabi/lib/thumb/v7-m\libm.a(lib_a-w_sqrt.o)
                              Src/freertos.o (sqrt)
c:/ac6/systemworkbench/plugins/fr.ac6.mcu.externaltools.arm-none.win32_1.16.0.201807130628/tools/compiler/bin/../lib/gcc/arm-none-eabi/7.2.1/../../../../arm-none-eabi/lib/thumb/v7-m\libm.a(lib_a-e_pow.o)
                              c:/ac6/systemworkbench/plugins/fr.ac6.mcu.externaltools.arm-none.win32_1.16.0.201807130628/tools/compiler/bin/../lib/gcc/arm-none-eabi/7.2.1/../../../../arm-none-eabi/lib/thumb/v7-m\libm.a(lib_a-w_pow.o) (__ieee754_pow)
c:/ac6/systemworkbench/plugins/fr.ac6.mcu.externaltools.arm-none.win32_1.16.0.201807130628/tools/compiler/bin/../lib/gcc/arm-none-eabi/7.2.1/../../../../arm-none-eabi/lib/thumb/v7-m\libm.a(lib_a-e_sqrt.o)
                              c:/ac6/systemworkbench/plugins/fr.ac6.mcu.externaltools.arm-none.win32_1.16.0.201807130628/tools/compiler/bin/../lib/gcc/arm-none-eabi/7.2.1/../../../../arm-none-eabi/lib/thumb/v7-m\libm.a(lib_a-w_sqrt.o) (__ieee754_sqrt)
c:/ac6/systemworkbench/plugins/fr.ac6.mcu.externaltools.arm-none.win32_1.16.0.201807130628/tools/compiler/bin/../lib/gcc/arm-none-eabi/7.2.1/../../../../arm-none-eabi/lib/thumb/v7-m\libm.a(lib_a-s_fabs.o)
                              c:/ac6/systemworkbench/plugins/fr.ac6.mcu.externaltools.arm-none.win32_1.16.0.201807130628/tools/compiler/bin/../lib/gcc/arm-none-eabi/7.2.1/../../../../arm-none-eabi/lib/thumb/v7-m\libm.a(lib_a-e_pow.o) (fabs)
c:/ac6/systemworkbench/plugins/fr.ac6.mcu.externaltools.arm-none.win32_1.16.0.201807130628/tools/compiler/bin/../lib/gcc/arm-none-eabi/7.2.1/../../../../arm-none-eabi/lib/thumb/v7-m\libm.a(lib_a-s_finite.o)
                              c:/ac6/systemworkbench/plugins/fr.ac6.mcu.externaltools.arm-none.win32_1.16.0.201807130628/tools/compiler/bin/../lib/gcc/arm-none-eabi/7.2.1/../../../../arm-none-eabi/lib/thumb/v7-m\libm.a(lib_a-w_pow.o) (finite)
c:/ac6/systemworkbench/plugins/fr.ac6.mcu.externaltools.arm-none.win32_1.16.0.201807130628/tools/compiler/bin/../lib/gcc/arm-none-eabi/7.2.1/../../../../arm-none-eabi/lib/thumb/v7-m\libm.a(lib_a-s_lib_ver.o)
                              c:/ac6/systemworkbench/plugins/fr.ac6.mcu.externaltools.arm-none.win32_1.16.0.201807130628/tools/compiler/bin/../lib/gcc/arm-none-eabi/7.2.1/../../../../arm-none-eabi/lib/thumb/v7-m\libm.a(lib_a-w_pow.o) (__fdlib_version)
c:/ac6/systemworkbench/plugins/fr.ac6.mcu.externaltools.arm-none.win32_1.16.0.201807130628/tools/compiler/bin/../lib/gcc/arm-none-eabi/7.2.1/../../../../arm-none-eabi/lib/thumb/v7-m\libm.a(lib_a-s_matherr.o)
                              c:/ac6/systemworkbench/plugins/fr.ac6.mcu.externaltools.arm-none.win32_1.16.0.201807130628/tools/compiler/bin/../lib/gcc/arm-none-eabi/7.2.1/../../../../arm-none-eabi/lib/thumb/v7-m\libm.a(lib_a-w_pow.o) (matherr)
c:/ac6/systemworkbench/plugins/fr.ac6.mcu.externaltools.arm-none.win32_1.16.0.201807130628/tools/compiler/bin/../lib/gcc/arm-none-eabi/7.2.1/../../../../arm-none-eabi/lib/thumb/v7-m\libm.a(lib_a-s_nan.o)
                              c:/ac6/systemworkbench/plugins/fr.ac6.mcu.externaltools.arm-none.win32_1.16.0.201807130628/tools/compiler/bin/../lib/gcc/arm-none-eabi/7.2.1/../../../../arm-none-eabi/lib/thumb/v7-m\libm.a(lib_a-e_pow.o) (nan)
c:/ac6/systemworkbench/plugins/fr.ac6.mcu.externaltools.arm-none.win32_1.16.0.201807130628/tools/compiler/bin/../lib/gcc/arm-none-eabi/7.2.1/../../../../arm-none-eabi/lib/thumb/v7-m\libm.a(lib_a-s_rint.o)
                              c:/ac6/systemworkbench/plugins/fr.ac6.mcu.externaltools.arm-none.win32_1.16.0.201807130628/tools/compiler/bin/../lib/gcc/arm-none-eabi/7.2.1/../../../../arm-none-eabi/lib/thumb/v7-m\libm.a(lib_a-w_pow.o) (rint)
c:/ac6/systemworkbench/plugins/fr.ac6.mcu.externaltools.arm-none.win32_1.16.0.201807130628/tools/compiler/bin/../lib/gcc/arm-none-eabi/7.2.1/../../../../arm-none-eabi/lib/thumb/v7-m\libm.a(lib_a-s_scalbn.o)
                              c:/ac6/systemworkbench/plugins/fr.ac6.mcu.externaltools.arm-none.win32_1.16.0.201807130628/tools/compiler/bin/../lib/gcc/arm-none-eabi/7.2.1/../../../../arm-none-eabi/lib/thumb/v7-m\libm.a(lib_a-e_pow.o) (scalbn)
c:/ac6/systemworkbench/plugins/fr.ac6.mcu.externaltools.arm-none.win32_1.16.0.201807130628/tools/compiler/bin/../lib/gcc/arm-none-eabi/7.2.1/../../../../arm-none-eabi/lib/thumb/v7-m\libm.a(lib_a-s_copysign.o)
[...]
Memory Configuration

Name             Origin             Length             Attributes
RAM              0x20000000         0x00005000         xrw
FLASH            0x08000000         0x00010000         xr
*default*        0x00000000         0xffffffff

Linker script and memory map

LOAD c:/ac6/systemworkbench/plugins/fr.ac6.mcu.externaltools.arm-none.win32_1.16.0.201807130628/tools/compiler/bin/../lib/gcc/arm-none-eabi/7.2.1/thumb/v7-m/crti.o
LOAD c:/ac6/systemworkbench/plugins/fr.ac6.mcu.externaltools.arm-none.win32_1.16.0.201807130628/tools/compiler/bin/../lib/gcc/arm-none-eabi/7.2.1/thumb/v7-m/crtbegin.o
LOAD c:/ac6/systemworkbench/plugins/fr.ac6.mcu.externaltools.arm-none.win32_1.16.0.201807130628/tools/compiler/bin/../lib/gcc/arm-none-eabi/7.2.1/../../../../arm-none-eabi/lib/thumb/v7-m/crt0.o
LOAD Drivers/STM32F1xx_HAL_Driver/Src/stm32f1xx_hal.o
LOAD Drivers/STM32F1xx_HAL_Driver/Src/stm32f1xx_hal_adc.o
LOAD Drivers/STM32F1xx_HAL_Driver/Src/stm32f1xx_hal_adc_ex.o
LOAD Drivers/STM32F1xx_HAL_Driver/Src/stm32f1xx_hal_cortex.o
LOAD Drivers/STM32F1xx_HAL_Driver/Src/stm32f1xx_hal_dma.o
LOAD Drivers/STM32F1xx_HAL_Driver/Src/stm32f1xx_hal_flash.o
LOAD Drivers/STM32F1xx_HAL_Driver/Src/stm32f1xx_hal_flash_ex.o
LOAD Drivers/STM32F1xx_HAL_Driver/Src/stm32f1xx_hal_gpio.o
LOAD Drivers/STM32F1xx_HAL_Driver/Src/stm32f1xx_hal_gpio_ex.o
LOAD Drivers/STM32F1xx_HAL_Driver/Src/stm32f1xx_hal_i2c.o
LOAD Drivers/STM32F1xx_HAL_Driver/Src/stm32f1xx_hal_pcd.o
LOAD Drivers/STM32F1xx_HAL_Driver/Src/stm32f1xx_hal_pcd_ex.o
LOAD Drivers/STM32F1xx_HAL_Driver/Src/stm32f1xx_hal_pwr.o
LOAD Drivers/STM32F1xx_HAL_Driver/Src/stm32f1xx_hal_rcc.o
LOAD Drivers/STM32F1xx_HAL_Driver/Src/stm32f1xx_hal_rcc_ex.o
LOAD Drivers/STM32F1xx_HAL_Driver/Src/stm32f1xx_hal_spi.o
LOAD Drivers/STM32F1xx_HAL_Driver/Src/stm32f1xx_hal_spi_ex.o
LOAD Drivers/STM32F1xx_HAL_Driver/Src/stm32f1xx_hal_tim.o
LOAD Drivers/STM32F1xx_HAL_Driver/Src/stm32f1xx_hal_tim_ex.o
LOAD Drivers/STM32F1xx_HAL_Driver/Src/stm32f1xx_hal_uart.o
LOAD Drivers/STM32F1xx_HAL_Driver/Src/stm32f1xx_ll_usb.o
LOAD Middlewares/Third_Party/FreeRTOS/Source/CMSIS_RTOS/cmsis_os.o
LOAD Middlewares/Third_Party/FreeRTOS/Source/croutine.o
LOAD Middlewares/Third_Party/FreeRTOS/Source/event_groups.o
LOAD Middlewares/Third_Party/FreeRTOS/Source/list.o
LOAD Middlewares/Third_Party/FreeRTOS/Source/queue.o
LOAD Middlewares/Third_Party/FreeRTOS/Source/tasks.o
LOAD Middlewares/Third_Party/FreeRTOS/Source/timers.o
LOAD Middlewares/Third_Party/FreeRTOS/Source/portable/GCC/ARM_CM3/port.o
LOAD Middlewares/Third_Party/FreeRTOS/Source/portable/MemMang/heap_4.o
LOAD Src/adc.o
LOAD Src/bmp280.o
LOAD Src/freertos.o
LOAD Src/gpio.o
LOAD Src/i2c.o
LOAD Src/i2cif.o
LOAD Src/main.o
LOAD Src/mpu9250.o
LOAD Src/spi.o
LOAD Src/stm32f1xx_hal_msp.o
LOAD Src/stm32f1xx_it.o
LOAD Src/system_stm32f1xx.o
LOAD Src/tim.o
LOAD Src/usart.o
LOAD Src/usb.o
LOAD startup/startup_stm32f103xb.o
LOAD c:/ac6/systemworkbench/plugins/fr.ac6.mcu.externaltools.arm-none.win32_1.16.0.201807130628/tools/compiler/bin/../lib/gcc/arm-none-eabi/7.2.1/../../../../arm-none-eabi/lib/thumb/v7-m\libm.a
START GROUP
LOAD c:/ac6/systemworkbench/plugins/fr.ac6.mcu.externaltools.arm-none.win32_1.16.0.201807130628/tools/compiler/bin/../lib/gcc/arm-none-eabi/7.2.1/thumb/v7-m\libgcc.a
LOAD c:/ac6/systemworkbench/plugins/fr.ac6.mcu.externaltools.arm-none.win32_1.16.0.201807130628/tools/compiler/bin/../lib/gcc/arm-none-eabi/7.2.1/../../../../arm-none-eabi/lib/thumb/v7-m\libc_nano.a
END GROUP
START GROUP
LOAD c:/ac6/systemworkbench/plugins/fr.ac6.mcu.externaltools.arm-none.win32_1.16.0.201807130628/tools/compiler/bin/../lib/gcc/arm-none-eabi/7.2.1/thumb/v7-m\libgcc.a
LOAD c:/ac6/systemworkbench/plugins/fr.ac6.mcu.externaltools.arm-none.win32_1.16.0.201807130628/tools/compiler/bin/../lib/gcc/arm-none-eabi/7.2.1/../../../../arm-none-eabi/lib/thumb/v7-m\libc_nano.a
LOAD c:/ac6/systemworkbench/plugins/fr.ac6.mcu.externaltools.arm-none.win32_1.16.0.201807130628/tools/compiler/bin/../lib/gcc/arm-none-eabi/7.2.1/../../../../arm-none-eabi/lib/thumb/v7-m\libnosys.a
END GROUP
START GROUP
LOAD c:/ac6/systemworkbench/plugins/fr.ac6.mcu.externaltools.arm-none.win32_1.16.0.201807130628/tools/compiler/bin/../lib/gcc/arm-none-eabi/7.2.1/thumb/v7-m\libgcc.a
LOAD c:/ac6/systemworkbench/plugins/fr.ac6.mcu.externaltools.arm-none.win32_1.16.0.201807130628/tools/compiler/bin/../lib/gcc/arm-none-eabi/7.2.1/../../../../arm-none-eabi/lib/thumb/v7-m\libc_nano.a
LOAD c:/ac6/systemworkbench/plugins/fr.ac6.mcu.externaltools.arm-none.win32_1.16.0.201807130628/tools/compiler/bin/../lib/gcc/arm-none-eabi/7.2.1/../../../../arm-none-eabi/lib/thumb/v7-m\libnosys.a
END GROUP
LOAD c:/ac6/systemworkbench/plugins/fr.ac6.mcu.externaltools.arm-none.win32_1.16.0.201807130628/tools/compiler/bin/../lib/gcc/arm-none-eabi/7.2.1/thumb/v7-m/crtend.o
LOAD c:/ac6/systemworkbench/plugins/fr.ac6.mcu.externaltools.arm-none.win32_1.16.0.201807130628/tools/compiler/bin/../lib/gcc/arm-none-eabi/7.2.1/thumb/v7-m/crtn.o
                0x20005000                _estack = 0x20005000
                0x00000200                _Min_Heap_Size = 0x200
                0x00000400                _Min_Stack_Size = 0x400

.isr_vector     0x08000000      0x10c
                0x08000000                . = ALIGN (0x4)
 *(.isr_vector)
 .isr_vector    0x08000000      0x10c startup/startup_stm32f103xb.o
                0x08000000                g_pfnVectors
                0x0800010c                . = ALIGN (0x4)

.text           0x08000110     0x61c0
                0x08000110                . = ALIGN (0x4)
 *(.text)
 .text          0x08000110       0x40 c:/ac6/systemworkbench/plugins/fr.ac6.mcu.externaltools.arm-none.win32_1.16.0.201807130628/tools/compiler/bin/../lib/gcc/arm-none-eabi/7.2.1/thumb/v7-m/crtbegin.o
 .text          0x08000150      0x378 c:/ac6/systemworkbench/plugins/fr.ac6.mcu.externaltools.arm-none.win32_1.16.0.201807130628/tools/compiler/bin/../lib/gcc/arm-none-eabi/7.2.1/thumb/v7-m\libgcc.a(_arm_addsubdf3.o)
                0x08000150                __aeabi_drsub
                0x08000158                __aeabi_dsub
                0x08000158                __subdf3
                0x0800015c                __aeabi_dadd
                0x0800015c                __adddf3
                0x080003d4                __floatunsidf
                0x080003d4                __aeabi_ui2d
                0x080003f4                __floatsidf
                0x080003f4                __aeabi_i2d
                0x08000418                __aeabi_f2d
                0x08000418                __extendsfdf2
                0x0800045c                __floatundidf
                0x0800045c                __aeabi_ul2d
                0x0800046c                __floatdidf
                0x0800046c                __aeabi_l2d
 .text          0x080004c8      0x424 c:/ac6/systemworkbench/plugins/fr.ac6.mcu.externaltools.arm-none.win32_1.16.0.201807130628/tools/compiler/bin/../lib/gcc/arm-none-eabi/7.2.1/thumb/v7-m\libgcc.a(_arm_muldivdf3.o)
                0x080004c8                __aeabi_dmul
                0x080004c8                __muldf3
                0x0800071c                __divdf3
                0x0800071c                __aeabi_ddiv
 .text          0x080008ec      0x110 c:/ac6/systemworkbench/plugins/fr.ac6.mcu.externaltools.arm-none.win32_1.16.0.201807130628/tools/compiler/bin/../lib/gcc/arm-none-eabi/7.2.1/thumb/v7-m\libgcc.a(_arm_cmpdf2.o)
                0x080008ec                __gtdf2
                0x080008ec                __gedf2
                0x080008f4                __ltdf2
                0x080008f4                __ledf2
                0x080008fc                __nedf2
                0x080008fc                __eqdf2
                0x080008fc                __cmpdf2
                0x08000978                __aeabi_cdrcmple
                0x08000988                __aeabi_cdcmpeq
                0x08000988                __aeabi_cdcmple
                0x08000998                __aeabi_dcmpeq
                0x080009ac                __aeabi_dcmplt
                0x080009c0                __aeabi_dcmple
                0x080009d4                __aeabi_dcmpge
                0x080009e8                __aeabi_dcmpgt
 .text          0x080009fc       0x2c c:/ac6/systemworkbench/plugins/fr.ac6.mcu.externaltools.arm-none.win32_1.16.0.201807130628/tools/compiler/bin/../lib/gcc/arm-none-eabi/7.2.1/thumb/v7-m\libgcc.a(_arm_unorddf2.o)
                0x080009fc                __unorddf2
                0x080009fc                __aeabi_dcmpun
 .text          0x08000a28       0x40 c:/ac6/systemworkbench/plugins/fr.ac6.mcu.externaltools.arm-none.win32_1.16.0.201807130628/tools/compiler/bin/../lib/gcc/arm-none-eabi/7.2.1/thumb/v7-m\libgcc.a(_arm_fixunsdfsi.o)
                0x08000a28                __aeabi_d2uiz
                0x08000a28                __fixunsdfsi
 .text          0x08000a68       0xa0 c:/ac6/systemworkbench/plugins/fr.ac6.mcu.externaltools.arm-none.win32_1.16.0.201807130628/tools/compiler/bin/../lib/gcc/arm-none-eabi/7.2.1/thumb/v7-m\libgcc.a(_arm_truncdfsf2.o)
                0x08000a68                __truncdfsf2
                0x08000a68                __aeabi_d2f
 .text          0x08000b08      0x21c c:/ac6/systemworkbench/plugins/fr.ac6.mcu.externaltools.arm-none.win32_1.16.0.201807130628/tools/compiler/bin/../lib/gcc/arm-none-eabi/7.2.1/thumb/v7-m\libgcc.a(_arm_addsubsf3.o)
                0x08000b08                __aeabi_frsub
                0x08000b10                __subsf3
                0x08000b10                __aeabi_fsub
                0x08000b14                __aeabi_fadd
                0x08000b14                __addsf3
                0x08000c74                __aeabi_ui2f
                0x08000c74                __floatunsisf
                0x08000c7c                __aeabi_i2f
                0x08000c7c                __floatsisf
                0x08000c98                __aeabi_ul2f
                0x08000c98                __floatundisf
                0x08000ca8                __aeabi_l2f
                0x08000ca8                __floatdisf
 .text          0x08000d24      0x2a0 c:/ac6/systemworkbench/plugins/fr.ac6.mcu.externaltools.arm-none.win32_1.16.0.201807130628/tools/compiler/bin/../lib/gcc/arm-none-eabi/7.2.1/thumb/v7-m\libgcc.a(_arm_muldivsf3.o)
                0x08000d24                __mulsf3
                0x08000d24                __aeabi_fmul
                0x08000e8c                __aeabi_fdiv
                0x08000e8c                __divsf3
 .text          0x08000fc4       0xa0 c:/ac6/systemworkbench/plugins/fr.ac6.mcu.externaltools.arm-none.win32_1.16.0.201807130628/tools/compiler/bin/../lib/gcc/arm-none-eabi/7.2.1/thumb/v7-m\libgcc.a(_aeabi_ldivmod.o)
                0x08000fc4                __aeabi_ldivmod
 .text          0x08001064      0x2d0 c:/ac6/systemworkbench/plugins/fr.ac6.mcu.externaltools.arm-none.win32_1.16.0.201807130628/tools/compiler/bin/../lib/gcc/arm-none-eabi/7.2.1/thumb/v7-m\libgcc.a(_udivmoddi4.o)
                0x08001064                __udivmoddi4
 .text          0x08001334        0x4 c:/ac6/systemworkbench/plugins/fr.ac6.mcu.externaltools.arm-none.win32_1.16.0.201807130628/tools/compiler/bin/../lib/gcc/arm-none-eabi/7.2.1/thumb/v7-m\libgcc.a(_dvmd_tls.o)
                0x08001334                __aeabi_idiv0
                0x08001334                __aeabi_ldiv0
 *(.text*)
 .text.HAL_InitTick
                0x08001338       0x48 Drivers/STM32F1xx_HAL_Driver/Src/stm32f1xx_hal.o
                0x08001338                HAL_InitTick
 .text.HAL_Init
                0x08001380       0x24 Drivers/STM32F1xx_HAL_Driver/Src/stm32f1xx_hal.o
                0x08001380                HAL_Init
 .text.HAL_IncTick
                0x080013a4       0x18 Drivers/STM32F1xx_HAL_Driver/Src/stm32f1xx_hal.o
                0x080013a4                HAL_IncTick
 .text.HAL_GetTick
                0x080013bc        0xc Drivers/STM32F1xx_HAL_Driver/Src/stm32f1xx_hal.o
                0x080013bc                HAL_GetTick
 .text.HAL_Delay
                0x080013c8       0x28 Drivers/STM32F1xx_HAL_Driver/Src/stm32f1xx_hal.o
                0x080013c8                HAL_Delay
 .text.HAL_ADC_ConfigChannel
                0x080013f0      0x138 Drivers/STM32F1xx_HAL_Driver/Src/stm32f1xx_hal_adc.o
                0x080013f0                HAL_ADC_ConfigChannel
 .text.ADC_ConversionStop_Disable
                0x08001528       0x4c Drivers/STM32F1xx_HAL_Driver/Src/stm32f1xx_hal_adc.o
                0x08001528                ADC_ConversionStop_Disable
 .text.HAL_ADC_Init
                0x08001574      0x110 Drivers/STM32F1xx_HAL_Driver/Src/stm32f1xx_hal_adc.o
                0x08001574                HAL_ADC_Init
 .text.HAL_NVIC_SetPriorityGrouping
                0x08001684       0x24 Drivers/STM32F1xx_HAL_Driver/Src/stm32f1xx_hal_cortex.o
                0x08001684                HAL_NVIC_SetPriorityGrouping
 .text.HAL_NVIC_SetPriority
                0x080016a8       0x68 Drivers/STM32F1xx_HAL_Driver/Src/stm32f1xx_hal_cortex.o
                0x080016a8                HAL_NVIC_SetPriority
 .text.HAL_SYSTICK_Config
                0x08001710       0x2c Drivers/STM32F1xx_HAL_Driver/Src/stm32f1xx_hal_cortex.o
                0x08001710                HAL_SYSTICK_Config
 .text.HAL_GPIO_Init
                0x0800173c      0x1d4 Drivers/STM32F1xx_HAL_Driver/Src/stm32f1xx_hal_gpio.o
                0x0800173c                HAL_GPIO_Init
 .text.I2C_IsAcknowledgeFailed
                0x08001910       0x2a Drivers/STM32F1xx_HAL_Driver/Src/stm32f1xx_hal_i2c.o
 .text.I2C_WaitOnFlagUntilTimeout
                0x0800193a       0x68 Drivers/STM32F1xx_HAL_Driver/Src/stm32f1xx_hal_i2c.o
 .text.I2C_WaitOnMasterAddressFlagUntilTimeout
                0x080019a2       0x90 Drivers/STM32F1xx_HAL_Driver/Src/stm32f1xx_hal_i2c.o
 *fill*         0x08001a32        0x2 
 .text.I2C_MasterRequestWrite
                0x08001a34       0xbc Drivers/STM32F1xx_HAL_Driver/Src/stm32f1xx_hal_i2c.o
 .text.I2C_MasterRequestRead
                0x08001af0      0x120 Drivers/STM32F1xx_HAL_Driver/Src/stm32f1xx_hal_i2c.o
 .text.I2C_WaitOnTXEFlagUntilTimeout
                0x08001c10       0x4e Drivers/STM32F1xx_HAL_Driver/Src/stm32f1xx_hal_i2c.o
 .text.I2C_WaitOnBTFFlagUntilTimeout
                0x08001c5e       0x4e Drivers/STM32F1xx_HAL_Driver/Src/stm32f1xx_hal_i2c.o
 .text.I2C_WaitOnRXNEFlagUntilTimeout
                0x08001cac       0x5c Drivers/STM32F1xx_HAL_Driver/Src/stm32f1xx_hal_i2c.o
 .text.HAL_I2C_Init
                0x08001d08      0x168 Drivers/STM32F1xx_HAL_Driver/Src/stm32f1xx_hal_i2c.o
                0x08001d08                HAL_I2C_Init
 .text.HAL_I2C_Master_Transmit
                0x08001e70      0x184 Drivers/STM32F1xx_HAL_Driver/Src/stm32f1xx_hal_i2c.o
                0x08001e70                HAL_I2C_Master_Transmit
 .text.HAL_I2C_Master_Receive
                0x08001ff4      0x2f4 Drivers/STM32F1xx_HAL_Driver/Src/stm32f1xx_hal_i2c.o
                0x08001ff4                HAL_I2C_Master_Receive
 .text.HAL_PCD_Init
                0x080022e8       0xd6 Drivers/STM32F1xx_HAL_Driver/Src/stm32f1xx_hal_pcd.o
                0x080022e8                HAL_PCD_Init
 *fill*         0x080023be        0x2 
 .text.RCC_Delay
                0x080023c0       0x2c Drivers/STM32F1xx_HAL_Driver/Src/stm32f1xx_hal_rcc.o
 .text.HAL_RCC_OscConfig
                0x080023ec      0x3dc Drivers/STM32F1xx_HAL_Driver/Src/stm32f1xx_hal_rcc.o
                0x080023ec                HAL_RCC_OscConfig
 .text.HAL_RCC_MCOConfig
                0x080027c8       0x4c Drivers/STM32F1xx_HAL_Driver/Src/stm32f1xx_hal_rcc.o
                0x080027c8                HAL_RCC_MCOConfig
 .text.HAL_RCC_GetSysClockFreq
                0x08002814       0x7c Drivers/STM32F1xx_HAL_Driver/Src/stm32f1xx_hal_rcc.o
                0x08002814                HAL_RCC_GetSysClockFreq
 .text.HAL_RCC_ClockConfig
                0x08002890      0x19c Drivers/STM32F1xx_HAL_Driver/Src/stm32f1xx_hal_rcc.o
                0x08002890                HAL_RCC_ClockConfig
 .text.HAL_RCC_GetHCLKFreq
                0x08002a2c        0xc Drivers/STM32F1xx_HAL_Driver/Src/stm32f1xx_hal_rcc.o
                0x08002a2c                HAL_RCC_GetHCLKFreq
 .text.HAL_RCC_GetPCLK1Freq
                0x08002a38       0x20 Drivers/STM32F1xx_HAL_Driver/Src/stm32f1xx_hal_rcc.o
                0x08002a38                HAL_RCC_GetPCLK1Freq
 .text.HAL_RCC_GetPCLK2Freq
                0x08002a58       0x20 Drivers/STM32F1xx_HAL_Driver/Src/stm32f1xx_hal_rcc.o
                0x08002a58                HAL_RCC_GetPCLK2Freq
 .text.HAL_RCCEx_PeriphCLKConfig
                0x08002a78      0x114 Drivers/STM32F1xx_HAL_Driver/Src/stm32f1xx_hal_rcc_ex.o
                0x08002a78                HAL_RCCEx_PeriphCLKConfig
 .text.HAL_SPI_Init
                0x08002b8c       0x82 Drivers/STM32F1xx_HAL_Driver/Src/stm32f1xx_hal_spi_ex.o
                0x08002b8c                HAL_SPI_Init
 *fill*         0x08002c0e        0x2 
 .text.TIM_OC1_SetConfig
                0x08002c10       0x5c Drivers/STM32F1xx_HAL_Driver/Src/stm32f1xx_hal_tim.o
 .text.TIM_OC3_SetConfig
                0x08002c6c       0x64 Drivers/STM32F1xx_HAL_Driver/Src/stm32f1xx_hal_tim.o
 .text.TIM_OC4_SetConfig
                0x08002cd0       0x48 Drivers/STM32F1xx_HAL_Driver/Src/stm32f1xx_hal_tim.o
 .text.TIM_Base_SetConfig
                0x08002d18       0x74 Drivers/STM32F1xx_HAL_Driver/Src/stm32f1xx_hal_tim.o
                0x08002d18                TIM_Base_SetConfig
 .text.HAL_TIM_PWM_Init
                0x08002d8c       0x32 Drivers/STM32F1xx_HAL_Driver/Src/stm32f1xx_hal_tim.o
                0x08002d8c                HAL_TIM_PWM_Init
 *fill*         0x08002dbe        0x2 
 .text.TIM_OC2_SetConfig
                0x08002dc0       0x64 Drivers/STM32F1xx_HAL_Driver/Src/stm32f1xx_hal_tim.o
                0x08002dc0                TIM_OC2_SetConfig
 .text.HAL_TIM_PWM_ConfigChannel
                0x08002e24       0xdc Drivers/STM32F1xx_HAL_Driver/Src/stm32f1xx_hal_tim.o
                0x08002e24                HAL_TIM_PWM_ConfigChannel
 .text.TIM_CCxChannelCmd
                0x08002f00       0x1c Drivers/STM32F1xx_HAL_Driver/Src/stm32f1xx_hal_tim.o
                0x08002f00                TIM_CCxChannelCmd
 .text.HAL_TIM_PWM_Start
                0x08002f1c       0x30 Drivers/STM32F1xx_HAL_Driver/Src/stm32f1xx_hal_tim.o
                0x08002f1c                HAL_TIM_PWM_Start
 .text.HAL_TIMEx_MasterConfigSynchronization
                0x08002f4c       0x52 Drivers/STM32F1xx_HAL_Driver/Src/stm32f1xx_hal_tim_ex.o
                0x08002f4c                HAL_TIMEx_MasterConfigSynchronization
 *fill*         0x08002f9e        0x2 
 .text.UART_SetConfig
                0x08002fa0      0x1ac Drivers/STM32F1xx_HAL_Driver/Src/stm32f1xx_hal_uart.o
 .text.HAL_UART_Init
                0x0800314c       0x5e Drivers/STM32F1xx_HAL_Driver/Src/stm32f1xx_hal_uart.o
                0x0800314c                HAL_UART_Init
 .text.USB_CoreInit
                0x080031aa        0xe Drivers/STM32F1xx_HAL_Driver/Src/stm32f1xx_ll_usb.o
                0x080031aa                USB_CoreInit
 .text.USB_EnableGlobalInt
                0x080031b8       0x10 Drivers/STM32F1xx_HAL_Driver/Src/stm32f1xx_ll_usb.o
                0x080031b8                USB_EnableGlobalInt
 .text.USB_DisableGlobalInt
                0x080031c8       0x14 Drivers/STM32F1xx_HAL_Driver/Src/stm32f1xx_ll_usb.o
                0x080031c8                USB_DisableGlobalInt
 .text.USB_SetCurrentMode
                0x080031dc        0x4 Drivers/STM32F1xx_HAL_Driver/Src/stm32f1xx_ll_usb.o
                0x080031dc                USB_SetCurrentMode
 .text.USB_DevInit
                0x080031e0       0x2c Drivers/STM32F1xx_HAL_Driver/Src/stm32f1xx_ll_usb.o
                0x080031e0                USB_DevInit
 .text.USB_DevDisconnect
                0x0800320c        0x4 Drivers/STM32F1xx_HAL_Driver/Src/stm32f1xx_ll_usb.o
                0x0800320c                USB_DevDisconnect
 .text.makeFreeRtosPriority
                0x08003210        0xc Middlewares/Third_Party/FreeRTOS/Source/CMSIS_RTOS/cmsis_os.o
 .text.osKernelStart
                0x0800321c        0xa Middlewares/Third_Party/FreeRTOS/Source/CMSIS_RTOS/cmsis_os.o
                0x0800321c                osKernelStart
 .text.osThreadCreate
                0x08003226       0x34 Middlewares/Third_Party/FreeRTOS/Source/CMSIS_RTOS/cmsis_os.o
                0x08003226                osThreadCreate
 .text.osDelay  0x0800325a       0x12 Middlewares/Third_Party/FreeRTOS/Source/CMSIS_RTOS/cmsis_os.o
                0x0800325a                osDelay
 .text.osSystickHandler
                0x0800326c       0x10 Middlewares/Third_Party/FreeRTOS/Source/CMSIS_RTOS/cmsis_os.o
                0x0800326c                osSystickHandler
 .text.vListInitialise
                0x0800327c       0x16 Middlewares/Third_Party/FreeRTOS/Source/list.o
                0x0800327c                vListInitialise
 .text.vListInitialiseItem
                0x08003292        0x6 Middlewares/Third_Party/FreeRTOS/Source/list.o
                0x08003292                vListInitialiseItem
 .text.vListInsertEnd
                0x08003298       0x18 Middlewares/Third_Party/FreeRTOS/Source/list.o
                0x08003298                vListInsertEnd
 .text.vListInsert
                0x080032b0       0x34 Middlewares/Third_Party/FreeRTOS/Source/list.o
                0x080032b0                vListInsert
 .text.uxListRemove
                0x080032e4       0x26 Middlewares/Third_Party/FreeRTOS/Source/list.o
                0x080032e4                uxListRemove
 *fill*         0x0800330a        0x2 
 .text.prvResetNextTaskUnblockTime
                0x0800330c       0x24 Middlewares/Third_Party/FreeRTOS/Source/tasks.o
 .text.prvDeleteTCB
                0x08003330       0x12 Middlewares/Third_Party/FreeRTOS/Source/tasks.o
 .text.prvInitialiseNewTask
                0x08003342       0x80 Middlewares/Third_Party/FreeRTOS/Source/tasks.o
 *fill*         0x080033c2        0x2 
 .text.prvInitialiseTaskLists
                0x080033c4       0x58 Middlewares/Third_Party/FreeRTOS/Source/tasks.o
 .text.prvAddNewTaskToReadyList
                0x0800341c       0xac Middlewares/Third_Party/FreeRTOS/Source/tasks.o
 .text.prvAddCurrentTaskToDelayedList
                0x080034c8       0x88 Middlewares/Third_Party/FreeRTOS/Source/tasks.o
 .text.xTaskCreate
                0x08003550       0x62 Middlewares/Third_Party/FreeRTOS/Source/tasks.o
                0x08003550                xTaskCreate
 *fill*         0x080035b2        0x2 
 .text.vTaskStartScheduler
                0x080035b4       0x74 Middlewares/Third_Party/FreeRTOS/Source/tasks.o
                0x080035b4                vTaskStartScheduler
 .text.vTaskSuspendAll
                0x08003628       0x14 Middlewares/Third_Party/FreeRTOS/Source/tasks.o
                0x08003628                vTaskSuspendAll
 .text.xTaskIncrementTick
                0x0800363c      0x10c Middlewares/Third_Party/FreeRTOS/Source/tasks.o
                0x0800363c                xTaskIncrementTick
 .text.xTaskResumeAll
                0x08003748       0xf0 Middlewares/Third_Party/FreeRTOS/Source/tasks.o
                0x08003748                xTaskResumeAll
 .text.vTaskDelay
                0x08003838       0x4c Middlewares/Third_Party/FreeRTOS/Source/tasks.o
                0x08003838                vTaskDelay
 .text.prvCheckTasksWaitingTermination
                0x08003884       0x54 Middlewares/Third_Party/FreeRTOS/Source/tasks.o
 .text.prvIdleTask
                0x080038d8       0x28 Middlewares/Third_Party/FreeRTOS/Source/tasks.o
 .text.vTaskSwitchContext
                0x08003900       0x90 Middlewares/Third_Party/FreeRTOS/Source/tasks.o
                0x08003900                vTaskSwitchContext
 .text.xTaskGetSchedulerState
                0x08003990       0x20 Middlewares/Third_Party/FreeRTOS/Source/tasks.o
                0x08003990                xTaskGetSchedulerState
 .text.prvTaskExitError
                0x080039b0       0x34 Middlewares/Third_Party/FreeRTOS/Source/portable/GCC/ARM_CM3/port.o
 .text.prvPortStartFirstTask
                0x080039e4       0x20 Middlewares/Third_Party/FreeRTOS/Source/portable/GCC/ARM_CM3/port.o
 .text.pxPortInitialiseStack
                0x08003a04       0x24 Middlewares/Third_Party/FreeRTOS/Source/portable/GCC/ARM_CM3/port.o
                0x08003a04                pxPortInitialiseStack
 *fill*         0x08003a28        0x8 
 .text.SVC_Handler
                0x08003a30       0x24 Middlewares/Third_Party/FreeRTOS/Source/portable/GCC/ARM_CM3/port.o
                0x08003a30                SVC_Handler
 .text.vPortEnterCritical
                0x08003a54       0x44 Middlewares/Third_Party/FreeRTOS/Source/portable/GCC/ARM_CM3/port.o
                0x08003a54                vPortEnterCritical
 .text.vPortExitCritical
                0x08003a98       0x2c Middlewares/Third_Party/FreeRTOS/Source/portable/GCC/ARM_CM3/port.o
                0x08003a98                vPortExitCritical
 *fill*         0x08003ac4        0xc 
 .text.PendSV_Handler
                0x08003ad0       0x44 Middlewares/Third_Party/FreeRTOS/Source/portable/GCC/ARM_CM3/port.o
                0x08003ad0                PendSV_Handler
 .text.xPortSysTickHandler
                0x08003b14       0x2c Middlewares/Third_Party/FreeRTOS/Source/portable/GCC/ARM_CM3/port.o
                0x08003b14                xPortSysTickHandler
 .text.vPortSetupTimerInterrupt
                0x08003b40       0x2c Middlewares/Third_Party/FreeRTOS/Source/portable/GCC/ARM_CM3/port.o
                0x08003b40                vPortSetupTimerInterrupt
 .text.xPortStartScheduler
                0x08003b6c       0x90 Middlewares/Third_Party/FreeRTOS/Source/portable/GCC/ARM_CM3/port.o
                0x08003b6c                xPortStartScheduler
 .text.prvHeapInit
                0x08003bfc       0x54 Middlewares/Third_Party/FreeRTOS/Source/portable/MemMang/heap_4.o
 .text.prvInsertBlockIntoFreeList
                0x08003c50       0x58 Middlewares/Third_Party/FreeRTOS/Source/portable/MemMang/heap_4.o
 .text.pvPortMalloc
                0x08003ca8      0x10c Middlewares/Third_Party/FreeRTOS/Source/portable/MemMang/heap_4.o
                0x08003ca8                pvPortMalloc
 .text.vPortFree
                0x08003db4       0x70 Middlewares/Third_Party/FreeRTOS/Source/portable/MemMang/heap_4.o
                0x08003db4                vPortFree
 .text.MX_ADC1_Init
                0x08003e24       0x58 Src/adc.o
                0x08003e24                MX_ADC1_Init
 .text.MX_ADC2_Init
                0x08003e7c       0x5c Src/adc.o
                0x08003e7c                MX_ADC2_Init
 .text.HAL_ADC_MspInit
                0x08003ed8       0xa4 Src/adc.o
                0x08003ed8                HAL_ADC_MspInit
 *fill*         0x08003f7c        0x4 
 .text.bmp280_calcAltitude
                0x08003f80       0x50 Src/bmp280.o
                0x08003f80                bmp280_calcAltitude
 .text.bmp280_bmp280Read8
                0x08003fd0       0x20 Src/bmp280.o
                0x08003fd0                bmp280_bmp280Read8
 .text.bmp280_bmp280Read16
                0x08003ff0       0x24 Src/bmp280.o
                0x08003ff0                bmp280_bmp280Read16
 .text.bmp280_bmp280Read16LE
                0x08004014       0x10 Src/bmp280.o
                0x08004014                bmp280_bmp280Read16LE
 .text.bmp280_bmp280ReadS16LE
                0x08004024        0xa Src/bmp280.o
                0x08004024                bmp280_bmp280ReadS16LE
 *fill*         0x0800402e        0x2 
 .text.bmp280_bmp280Read24
                0x08004030       0x38 Src/bmp280.o
                0x08004030                bmp280_bmp280Read24
 .text.bmp280_getTemperature
                0x08004068       0x70 Src/bmp280.o
                0x08004068                bmp280_getTemperature
 .text.bmp280_getPressure
                0x080040d8      0x1f0 Src/bmp280.o
                0x080040d8                bmp280_getPressure
 .text.bmp280_writeRegister
                0x080042c8       0x14 Src/bmp280.o
                0x080042c8                bmp280_writeRegister
 .text.bmp280_init
                0x080042dc       0x8c Src/bmp280.o
                0x080042dc                bmp280_init
 .text.StartDefaultTask
                0x08004368      0x194 Src/freertos.o
                0x08004368                StartDefaultTask
 .text.MX_FREERTOS_Init
                0x080044fc       0x28 Src/freertos.o
                0x080044fc                MX_FREERTOS_Init
 .text.MX_GPIO_Init
                0x08004524       0x64 Src/gpio.o
                0x08004524                MX_GPIO_Init
 .text.MX_I2C2_Init
                0x08004588       0x3c Src/i2c.o
                0x08004588                MX_I2C2_Init
 .text.HAL_I2C_MspInit
                0x080045c4       0xac Src/i2c.o
                0x080045c4                HAL_I2C_MspInit
 .text.i2c_readBytes
                0x08004670       0x48 Src/i2cif.o
                0x08004670                i2c_readBytes
 .text.i2c_readByte
                0x080046b8       0x12 Src/i2cif.o
                0x080046b8                i2c_readByte
 .text.i2c_readWords
                0x080046ca       0x24 Src/i2cif.o
                0x080046ca                i2c_readWords
 .text.i2c_readWord
                0x080046ee       0x12 Src/i2cif.o
                0x080046ee                i2c_readWord
 .text.i2c_writeBytes
                0x08004700       0x3c Src/i2cif.o
                0x08004700                i2c_writeBytes
 .text.i2c_writeByte
                0x0800473c       0x16 Src/i2cif.o
                0x0800473c                i2c_writeByte
 .text.i2c_writeBit
                0x08004752       0x52 Src/i2cif.o
                0x08004752                i2c_writeBit
 .text.i2c_writeBits
                0x080047a4       0x58 Src/i2cif.o
                0x080047a4                i2c_writeBits
 .text.SystemClock_Config
                0x080047fc       0x7c Src/main.o
                0x080047fc                SystemClock_Config
 .text.main     0x08004878       0x3c Src/main.o
                0x08004878                main
 .text.Error_Handler
                0x080048b4        0x2 Src/main.o
                0x080048b4                Error_Handler
 *fill*         0x080048b6        0x2 
 .text.mpu9250_setFullScaleGyroRange
                0x080048b8       0x20 Src/mpu9250.o
                0x080048b8                mpu9250_setFullScaleGyroRange
 .text.mpu9250_setFullScaleAccelRange
                0x080048d8       0x20 Src/mpu9250.o
                0x080048d8                mpu9250_setFullScaleAccelRange
 .text.mpu9250_getMotion6
                0x080048f8       0x70 Src/mpu9250.o
                0x080048f8                mpu9250_getMotion6
 .text.mpu9250_getMotion9
                0x08004968       0x78 Src/mpu9250.o
                0x08004968                mpu9250_getMotion9
 .text.mpu9250_setSleepEnabled
                0x080049e0       0x1c Src/mpu9250.o
                0x080049e0                mpu9250_setSleepEnabled
 .text.mpu9250_setClockSource
                0x080049fc       0x20 Src/mpu9250.o
                0x080049fc                mpu9250_setClockSource
 .text.mpu9250_initialize
                0x08004a1c       0x1c Src/mpu9250.o
                0x08004a1c                mpu9250_initialize
 .text.MX_SPI1_Init
                0x08004a38       0x44 Src/spi.o
                0x08004a38                MX_SPI1_Init
 .text.HAL_SPI_MspInit
                0x08004a7c       0x74 Src/spi.o
                0x08004a7c                HAL_SPI_MspInit
 .text.HAL_MspInit
                0x08004af0       0x50 Src/stm32f1xx_hal_msp.o
                0x08004af0                HAL_MspInit
 .text.NMI_Handler
                0x08004b40        0x2 Src/stm32f1xx_it.o
                0x08004b40                NMI_Handler
 .text.HardFault_Handler
                0x08004b42        0x2 Src/stm32f1xx_it.o
                0x08004b42                HardFault_Handler
 .text.MemManage_Handler
                0x08004b44        0x2 Src/stm32f1xx_it.o
                0x08004b44                MemManage_Handler
 .text.BusFault_Handler
                0x08004b46        0x2 Src/stm32f1xx_it.o
                0x08004b46                BusFault_Handler
 .text.UsageFault_Handler
                0x08004b48        0x2 Src/stm32f1xx_it.o
                0x08004b48                UsageFault_Handler
 .text.DebugMon_Handler
                0x08004b4a        0x2 Src/stm32f1xx_it.o
                0x08004b4a                DebugMon_Handler
 .text.SysTick_Handler
                0x08004b4c        0xc Src/stm32f1xx_it.o
                0x08004b4c                SysTick_Handler
 .text.SystemInit
                0x08004b58       0x4c Src/system_stm32f1xx.o
                0x08004b58                SystemInit
 .text.HAL_TIM_PWM_MspInit
                0x08004ba4       0x6c Src/tim.o
                0x08004ba4                HAL_TIM_PWM_MspInit
 .text.HAL_TIM_MspPostInit
                0x08004c10       0xd0 Src/tim.o
                0x08004c10                HAL_TIM_MspPostInit
 .text.MX_TIM2_Init
                0x08004ce0       0x80 Src/tim.o
                0x08004ce0                MX_TIM2_Init
 .text.MX_TIM3_Init
                0x08004d60       0x98 Src/tim.o
                0x08004d60                MX_TIM3_Init
 .text.MX_TIM4_Init
                0x08004df8       0x84 Src/tim.o
                0x08004df8                MX_TIM4_Init
 .text.MX_USART1_UART_Init
                0x08004e7c       0x34 Src/usart.o
                0x08004e7c                MX_USART1_UART_Init
 .text.HAL_UART_MspInit
                0x08004eb0       0x78 Src/usart.o
                0x08004eb0                HAL_UART_MspInit
 .text.MX_USB_PCD_Init
                0x08004f28       0x34 Src/usb.o
                0x08004f28                MX_USB_PCD_Init
 .text.HAL_PCD_MspInit
                0x08004f5c       0x2c Src/usb.o
                0x08004f5c                HAL_PCD_MspInit
 .text.Reset_Handler
                0x08004f88       0x48 startup/startup_stm32f103xb.o
                0x08004f88                Reset_Handler
 .text.Default_Handler
                0x08004fd0        0x2 startup/startup_stm32f103xb.o
                0x08004fd0                RTC_Alarm_IRQHandler
                0x08004fd0                EXTI2_IRQHandler
                0x08004fd0                TIM1_CC_IRQHandler
                0x08004fd0                PVD_IRQHandler
                0x08004fd0                EXTI3_IRQHandler
                0x08004fd0                EXTI0_IRQHandler
                0x08004fd0                I2C2_EV_IRQHandler
                0x08004fd0                ADC1_2_IRQHandler
                0x08004fd0                SPI1_IRQHandler
                0x08004fd0                TAMPER_IRQHandler
                0x08004fd0                DMA1_Channel4_IRQHandler
                0x08004fd0                USART3_IRQHandler
                0x08004fd0                RTC_IRQHandler
                0x08004fd0                DMA1_Channel7_IRQHandler
                0x08004fd0                CAN1_RX1_IRQHandler
                0x08004fd0                TIM4_IRQHandler
                0x08004fd0                I2C1_EV_IRQHandler
                0x08004fd0                DMA1_Channel6_IRQHandler
                0x08004fd0                TIM3_IRQHandler
                0x08004fd0                RCC_IRQHandler
                0x08004fd0                TIM1_TRG_COM_IRQHandler
                0x08004fd0                DMA1_Channel1_IRQHandler
                0x08004fd0                Default_Handler
                0x08004fd0                EXTI15_10_IRQHandler
                0x08004fd0                EXTI9_5_IRQHandler
                0x08004fd0                SPI2_IRQHandler
                0x08004fd0                DMA1_Channel5_IRQHandler
                0x08004fd0                EXTI4_IRQHandler
                0x08004fd0                USB_LP_CAN1_RX0_IRQHandler
                0x08004fd0                USB_HP_CAN1_TX_IRQHandler
                0x08004fd0                DMA1_Channel3_IRQHandler
                0x08004fd0                TIM1_UP_IRQHandler
                0x08004fd0                WWDG_IRQHandler
                0x08004fd0                TIM2_IRQHandler
                0x08004fd0                TIM1_BRK_IRQHandler
                0x08004fd0                EXTI1_IRQHandler
                0x08004fd0                USART2_IRQHandler
                0x08004fd0                I2C2_ER_IRQHandler
                0x08004fd0                DMA1_Channel2_IRQHandler
                0x08004fd0                CAN1_SCE_IRQHandler
                0x08004fd0                FLASH_IRQHandler
                0x08004fd0                USART1_IRQHandler
                0x08004fd0                I2C1_ER_IRQHandler
                0x08004fd0                USBWakeUp_IRQHandler
 *fill*         0x08004fd2        0x2 
 .text.pow      0x08004fd4      0x334 c:/ac6/systemworkbench/plugins/fr.ac6.mcu.externaltools.arm-none.win32_1.16.0.201807130628/tools/compiler/bin/../lib/gcc/arm-none-eabi/7.2.1/../../../../arm-none-eabi/lib/thumb/v7-m\libm.a(lib_a-w_pow.o)
                0x08004fd4                pow
 .text.sqrt     0x08005308       0xbc c:/ac6/systemworkbench/plugins/fr.ac6.mcu.externaltools.arm-none.win32_1.16.0.201807130628/tools/compiler/bin/../lib/gcc/arm-none-eabi/7.2.1/../../../../arm-none-eabi/lib/thumb/v7-m\libm.a(lib_a-w_sqrt.o)
                0x08005308                sqrt
 *fill*         0x080053c4        0x4 
 .text.__ieee754_pow
                0x080053c8      0xae4 c:/ac6/systemworkbench/plugins/fr.ac6.mcu.externaltools.arm-none.win32_1.16.0.201807130628/tools/compiler/bin/../lib/gcc/arm-none-eabi/7.2.1/../../../../arm-none-eabi/lib/thumb/v7-m\libm.a(lib_a-e_pow.o)
                0x080053c8                __ieee754_pow
 .text.__ieee754_sqrt
                0x08005eac      0x184 c:/ac6/systemworkbench/plugins/fr.ac6.mcu.externaltools.arm-none.win32_1.16.0.201807130628/tools/compiler/bin/../lib/gcc/arm-none-eabi/7.2.1/../../../../arm-none-eabi/lib/thumb/v7-m\libm.a(lib_a-e_sqrt.o)
                0x08005eac                __ieee754_sqrt
 .text.fabs     0x08006030        0x8 c:/ac6/systemworkbench/plugins/fr.ac6.mcu.externaltools.arm-none.win32_1.16.0.201807130628/tools/compiler/bin/../lib/gcc/arm-none-eabi/7.2.1/../../../../arm-none-eabi/lib/thumb/v7-m\libm.a(lib_a-s_fabs.o)
                0x08006030                fabs
 .text.finite   0x08006038        0xc c:/ac6/systemworkbench/plugins/fr.ac6.mcu.externaltools.arm-none.win32_1.16.0.201807130628/tools/compiler/bin/../lib/gcc/arm-none-eabi/7.2.1/../../../../arm-none-eabi/lib/thumb/v7-m\libm.a(lib_a-s_finite.o)
                0x08006038                finite
 .text.matherr  0x08006044        0x4 c:/ac6/systemworkbench/plugins/fr.ac6.mcu.externaltools.arm-none.win32_1.16.0.201807130628/tools/compiler/bin/../lib/gcc/arm-none-eabi/7.2.1/../../../../arm-none-eabi/lib/thumb/v7-m\libm.a(lib_a-s_matherr.o)
                0x08006044                matherr
 .text.nan      0x08006048        0xc c:/ac6/systemworkbench/plugins/fr.ac6.mcu.externaltools.arm-none.win32_1.16.0.201807130628/tools/compiler/bin/../lib/gcc/arm-none-eabi/7.2.1/../../../../arm-none-eabi/lib/thumb/v7-m\libm.a(lib_a-s_nan.o)
                0x08006048                nan
 .text.rint     0x08006054      0x118 c:/ac6/systemworkbench/plugins/fr.ac6.mcu.externaltools.arm-none.win32_1.16.0.201807130628/tools/compiler/bin/../lib/gcc/arm-none-eabi/7.2.1/../../../../arm-none-eabi/lib/thumb/v7-m\libm.a(lib_a-s_rint.o)
                0x08006054                rint
 *fill*         0x0800616c        0x4 
 .text.scalbn   0x08006170       0xe4 c:/ac6/systemworkbench/plugins/fr.ac6.mcu.externaltools.arm-none.win32_1.16.0.201807130628/tools/compiler/bin/../lib/gcc/arm-none-eabi/7.2.1/../../../../arm-none-eabi/lib/thumb/v7-m\libm.a(lib_a-s_scalbn.o)
                0x08006170                scalbn
 .text.copysign
                0x08006254       0x10 c:/ac6/systemworkbench/plugins/fr.ac6.mcu.externaltools.arm-none.win32_1.16.0.201807130628/tools/compiler/bin/../lib/gcc/arm-none-eabi/7.2.1/../../../../arm-none-eabi/lib/thumb/v7-m\libm.a(lib_a-s_copysign.o)
                0x08006254                copysign
 .text.__errno  0x08006264        0xc c:/ac6/systemworkbench/plugins/fr.ac6.mcu.externaltools.arm-none.win32_1.16.0.201807130628/tools/compiler/bin/../lib/gcc/arm-none-eabi/7.2.1/../../../../arm-none-eabi/lib/thumb/v7-m\libc_nano.a(lib_a-errno.o)
                0x08006264                __errno
 .text.__libc_init_array
                0x08006270       0x48 c:/ac6/systemworkbench/plugins/fr.ac6.mcu.externaltools.arm-none.win32_1.16.0.201807130628/tools/compiler/bin/../lib/gcc/arm-none-eabi/7.2.1/../../../../arm-none-eabi/lib/thumb/v7-m\libc_nano.a(lib_a-init.o)
                0x08006270                __libc_init_array
 *(.glue_7)
 .glue_7        0x080062b8        0x0 linker stubs
 *(.glue_7t)
 .glue_7t       0x080062b8        0x0 linker stubs
 *(.eh_frame)
 .eh_frame      0x080062b8        0x0 c:/ac6/systemworkbench/plugins/fr.ac6.mcu.externaltools.arm-none.win32_1.16.0.201807130628/tools/compiler/bin/../lib/gcc/arm-none-eabi/7.2.1/thumb/v7-m/crtbegin.o
 *(.init)
 .init          0x080062b8        0x4 c:/ac6/systemworkbench/plugins/fr.ac6.mcu.externaltools.arm-none.win32_1.16.0.201807130628/tools/compiler/bin/../lib/gcc/arm-none-eabi/7.2.1/thumb/v7-m/crti.o
                0x080062b8                _init
 .init          0x080062bc        0x8 c:/ac6/systemworkbench/plugins/fr.ac6.mcu.externaltools.arm-none.win32_1.16.0.201807130628/tools/compiler/bin/../lib/gcc/arm-none-eabi/7.2.1/thumb/v7-m/crtn.o
 *(.fini)
 .fini          0x080062c4        0x4 c:/ac6/systemworkbench/plugins/fr.ac6.mcu.externaltools.arm-none.win32_1.16.0.201807130628/tools/compiler/bin/../lib/gcc/arm-none-eabi/7.2.1/thumb/v7-m/crti.o
                0x080062c4                _fini
 .fini          0x080062c8        0x8 c:/ac6/systemworkbench/plugins/fr.ac6.mcu.externaltools.arm-none.win32_1.16.0.201807130628/tools/compiler/bin/../lib/gcc/arm-none-eabi/7.2.1/thumb/v7-m/crtn.o
                0x080062d0                . = ALIGN (0x4)
                0x080062d0                _etext = .

.vfp11_veneer   0x080062d0        0x0
 .vfp11_veneer  0x080062d0        0x0 linker stubs

.v4_bx          0x080062d0        0x0
 .v4_bx         0x080062d0        0x0 linker stubs

.iplt           0x080062d0        0x0
 .iplt          0x080062d0        0x0 c:/ac6/systemworkbench/plugins/fr.ac6.mcu.externaltools.arm-none.win32_1.16.0.201807130628/tools/compiler/bin/../lib/gcc/arm-none-eabi/7.2.1/thumb/v7-m/crtbegin.o

.rodata         0x080062d0       0x70
                0x080062d0                . = ALIGN (0x4)
 *(.rodata)
 .rodata        0x080062d0       0x12 Drivers/STM32F1xx_HAL_Driver/Src/stm32f1xx_hal_rcc.o
 *fill*         0x080062e2        0x2 
 .rodata        0x080062e4       0x14 Src/freertos.o
 .rodata        0x080062f8       0x18 Src/system_stm32f1xx.o
                0x080062f8                AHBPrescTable
                0x08006308                APBPrescTable
 *(.rodata*)
 .rodata.str1.4
                0x08006310        0x5 Middlewares/Third_Party/FreeRTOS/Source/tasks.o
 *fill*         0x08006315        0x3 
 .rodata.str1.4
                0x08006318        0xc Src/freertos.o
 .rodata.pow.str1.4
                0x08006324        0x4 c:/ac6/systemworkbench/plugins/fr.ac6.mcu.externaltools.arm-none.win32_1.16.0.201807130628/tools/compiler/bin/../lib/gcc/arm-none-eabi/7.2.1/../../../../arm-none-eabi/lib/thumb/v7-m\libm.a(lib_a-w_pow.o)
 .rodata.sqrt.str1.4
                0x08006328        0x5 c:/ac6/systemworkbench/plugins/fr.ac6.mcu.externaltools.arm-none.win32_1.16.0.201807130628/tools/compiler/bin/../lib/gcc/arm-none-eabi/7.2.1/../../../../arm-none-eabi/lib/thumb/v7-m\libm.a(lib_a-w_sqrt.o)
 .rodata.__ieee754_pow.str1.4
                0x0800632d        0x8 c:/ac6/systemworkbench/plugins/fr.ac6.mcu.externaltools.arm-none.win32_1.16.0.201807130628/tools/compiler/bin/../lib/gcc/arm-none-eabi/7.2.1/../../../../arm-none-eabi/lib/thumb/v7-m\libm.a(lib_a-e_pow.o)
                                  0x1 (size before relaxing)
 *fill*         0x0800632d        0x3 
 .rodata.TWO52  0x08006330       0x10 c:/ac6/systemworkbench/plugins/fr.ac6.mcu.externaltools.arm-none.win32_1.16.0.201807130628/tools/compiler/bin/../lib/gcc/arm-none-eabi/7.2.1/../../../../arm-none-eabi/lib/thumb/v7-m\libm.a(lib_a-s_rint.o)
                0x08006340                . = ALIGN (0x4)

.ARM.extab
 *(.ARM.extab* .gnu.linkonce.armextab.*)

.ARM            0x08006340        0x8
                0x08006340                __exidx_start = .
 *(.ARM.exidx*)
 .ARM.exidx     0x08006340        0x8 c:/ac6/systemworkbench/plugins/fr.ac6.mcu.externaltools.arm-none.win32_1.16.0.201807130628/tools/compiler/bin/../lib/gcc/arm-none-eabi/7.2.1/thumb/v7-m\libgcc.a(_udivmoddi4.o)
                0x08006348                __exidx_end = .

.rel.dyn        0x08006348        0x0
 .rel.iplt      0x08006348        0x0 c:/ac6/systemworkbench/plugins/fr.ac6.mcu.externaltools.arm-none.win32_1.16.0.201807130628/tools/compiler/bin/../lib/gcc/arm-none-eabi/7.2.1/thumb/v7-m/crtbegin.o

.preinit_array  0x08006348        0x0
                0x08006348                PROVIDE (__preinit_array_start, .)
 *(.preinit_array*)
                0x08006348                PROVIDE (__preinit_array_end, .)

.init_array     0x08006348        0x4
                0x08006348                PROVIDE (__init_array_start, .)
 *(SORT_BY_NAME(.init_array.*))
 *(.init_array*)
 .init_array    0x08006348        0x4 c:/ac6/systemworkbench/plugins/fr.ac6.mcu.externaltools.arm-none.win32_1.16.0.201807130628/tools/compiler/bin/../lib/gcc/arm-none-eabi/7.2.1/thumb/v7-m/crtbegin.o
                0x0800634c                PROVIDE (__init_array_end, .)

.fini_array     0x0800634c        0x4
                [!provide]                PROVIDE (__fini_array_start, .)
 *(SORT_BY_NAME(.fini_array.*))
 *(.fini_array*)
 .fini_array    0x0800634c        0x4 c:/ac6/systemworkbench/plugins/fr.ac6.mcu.externaltools.arm-none.win32_1.16.0.201807130628/tools/compiler/bin/../lib/gcc/arm-none-eabi/7.2.1/thumb/v7-m/crtbegin.o
                [!provide]                PROVIDE (__fini_array_end, .)
                0x08006350                _sidata = LOADADDR (.data)

.data           0x20000000       0x78 load address 0x08006350
                0x20000000                . = ALIGN (0x4)
                0x20000000                _sdata = .
 *(.data)
 .data          0x20000000        0x8 Drivers/STM32F1xx_HAL_Driver/Src/stm32f1xx_hal.o
                0x20000000                uwTickFreq
                0x20000004                uwTickPrio
 .data          0x20000008        0x4 Middlewares/Third_Party/FreeRTOS/Source/portable/GCC/ARM_CM3/port.o
 .data          0x2000000c        0x4 Src/system_stm32f1xx.o
                0x2000000c                SystemCoreClock
 *(.data*)
 .data.__fdlib_version
                0x20000010        0x1 c:/ac6/systemworkbench/plugins/fr.ac6.mcu.externaltools.arm-none.win32_1.16.0.201807130628/tools/compiler/bin/../lib/gcc/arm-none-eabi/7.2.1/../../../../arm-none-eabi/lib/thumb/v7-m\libm.a(lib_a-s_lib_ver.o)
                0x20000010                __fdlib_version
 *fill*         0x20000011        0x3 
 .data._impure_ptr
                0x20000014        0x4 c:/ac6/systemworkbench/plugins/fr.ac6.mcu.externaltools.arm-none.win32_1.16.0.201807130628/tools/compiler/bin/../lib/gcc/arm-none-eabi/7.2.1/../../../../arm-none-eabi/lib/thumb/v7-m\libc_nano.a(lib_a-impure.o)
                0x20000014                _impure_ptr
 .data.impure_data
                0x20000018       0x60 c:/ac6/systemworkbench/plugins/fr.ac6.mcu.externaltools.arm-none.win32_1.16.0.201807130628/tools/compiler/bin/../lib/gcc/arm-none-eabi/7.2.1/../../../../arm-none-eabi/lib/thumb/v7-m\libc_nano.a(lib_a-impure.o)
                0x20000078                . = ALIGN (0x4)
                0x20000078                _edata = .

.igot.plt       0x20000078        0x0 load address 0x080063c8
 .igot.plt      0x20000078        0x0 c:/ac6/systemworkbench/plugins/fr.ac6.mcu.externaltools.arm-none.win32_1.16.0.201807130628/tools/compiler/bin/../lib/gcc/arm-none-eabi/7.2.1/thumb/v7-m/crtbegin.o
                0x20000078                . = ALIGN (0x4)

.bss            0x20000078     0x1560 load address 0x080063c8
                0x20000078                _sbss = .
                0x20000078                __bss_start__ = _sbss
 *(.bss)
 .bss           0x20000078       0x1c c:/ac6/systemworkbench/plugins/fr.ac6.mcu.externaltools.arm-none.win32_1.16.0.201807130628/tools/compiler/bin/../lib/gcc/arm-none-eabi/7.2.1/thumb/v7-m/crtbegin.o
 .bss           0x20000094      0x12c Middlewares/Third_Party/FreeRTOS/Source/tasks.o
                0x20000194                pxCurrentTCB
 .bss           0x200001c0        0x8 Middlewares/Third_Party/FreeRTOS/Source/portable/GCC/ARM_CM3/port.o
 .bss           0x200001c8      0xc18 Middlewares/Third_Party/FreeRTOS/Source/portable/MemMang/heap_4.o
 .bss           0x20000de0       0x1e Src/bmp280.o
 *fill*         0x20000dfe        0x2 
 .bss           0x20000e00      0x100 Src/i2cif.o
 .bss           0x20000f00       0x10 Src/mpu9250.o
 *(.bss*)
 *(COMMON)
 COMMON         0x20000f10        0x4 Drivers/STM32F1xx_HAL_Driver/Src/stm32f1xx_hal.o
                0x20000f10                uwTick
 COMMON         0x20000f14       0x60 Src/adc.o
                0x20000f14                hadc2
                0x20000f44                hadc1
 COMMON         0x20000f74        0x4 Src/freertos.o
                0x20000f74                defaultTaskHandle
 COMMON         0x20000f78       0xa8 Src/i2c.o
                0x20000f78                hi2c1
                0x20000fcc                hi2c2
 COMMON         0x20001020       0x58 Src/spi.o
                0x20001020                hspi1
 COMMON         0x20001078       0xc0 Src/tim.o
                0x20001078                htim4
                0x200010b8                htim3
                0x200010f8                htim2
 COMMON         0x20001138       0x40 Src/usart.o
                0x20001138                huart1
 COMMON         0x20001178      0x460 Src/usb.o
                0x20001178                hpcd_USB_FS
                0x200015d8                . = ALIGN (0x4)
                0x200015d8                _ebss = .
                0x200015d8                __bss_end__ = _ebss

._user_heap_stack
                0x200015d8      0x600 load address 0x080063c8
                0x200015d8                . = ALIGN (0x8)
                [!provide]                PROVIDE (end, .)
                [!provide]                PROVIDE (_end, .)
                0x200017d8                . = (. + _Min_Heap_Size)
 *fill*         0x200015d8      0x200 
                0x20001bd8                . = (. + _Min_Stack_Size)
 *fill*         0x200017d8      0x400 
                0x20001bd8                . = ALIGN (0x8)

/DISCARD/
 libc.a(*)
 libm.a(*)
 libgcc.a(*)

.ARM.attributes
                0x00000000       0x29
 *(.ARM.attributes)
 .ARM.attributes
                0x00000000       0x1d c:/ac6/systemworkbench/plugins/fr.ac6.mcu.externaltools.arm-none.win32_1.16.0.201807130628/tools/compiler/bin/../lib/gcc/arm-none-eabi/7.2.1/thumb/v7-m/crti.o
 .ARM.attributes
                0x0000001d       0x2d c:/ac6/systemworkbench/plugins/fr.ac6.mcu.externaltools.arm-none.win32_1.16.0.201807130628/tools/compiler/bin/../lib/gcc/arm-none-eabi/7.2.1/thumb/v7-m/crtbegin.o
 .ARM.attributes
                0x0000004a       0x33 Drivers/STM32F1xx_HAL_Driver/Src/stm32f1xx_hal.o
 .ARM.attributes
                0x0000007d       0x33 Drivers/STM32F1xx_HAL_Driver/Src/stm32f1xx_hal_adc.o
 .ARM.attributes
                0x000000b0       0x33 Drivers/STM32F1xx_HAL_Driver/Src/stm32f1xx_hal_cortex.o
 .ARM.attributes
                0x000000e3       0x33 Drivers/STM32F1xx_HAL_Driver/Src/stm32f1xx_hal_gpio.o
 .ARM.attributes
                0x00000116       0x33 Drivers/STM32F1xx_HAL_Driver/Src/stm32f1xx_hal_i2c.o
 .ARM.attributes
                0x00000149       0x33 Drivers/STM32F1xx_HAL_Driver/Src/stm32f1xx_hal_pcd.o
 .ARM.attributes
                0x0000017c       0x33 Drivers/STM32F1xx_HAL_Driver/Src/stm32f1xx_hal_rcc.o
 .ARM.attributes
                0x000001af       0x33 Drivers/STM32F1xx_HAL_Driver/Src/stm32f1xx_hal_rcc_ex.o
 .ARM.attributes
                0x000001e2       0x33 Drivers/STM32F1xx_HAL_Driver/Src/stm32f1xx_hal_spi_ex.o
 .ARM.attributes
                0x00000215       0x33 Drivers/STM32F1xx_HAL_Driver/Src/stm32f1xx_hal_tim.o
 .ARM.attributes
                0x00000248       0x33 Drivers/STM32F1xx_HAL_Driver/Src/stm32f1xx_hal_tim_ex.o
 .ARM.attributes
                0x0000027b       0x33 Drivers/STM32F1xx_HAL_Driver/Src/stm32f1xx_hal_uart.o
 .ARM.attributes
                0x000002ae       0x33 Drivers/STM32F1xx_HAL_Driver/Src/stm32f1xx_ll_usb.o
 .ARM.attributes
                0x000002e1       0x33 Middlewares/Third_Party/FreeRTOS/Source/CMSIS_RTOS/cmsis_os.o
 .ARM.attributes
                0x00000314       0x33 Middlewares/Third_Party/FreeRTOS/Source/list.o
 .ARM.attributes
                0x00000347       0x33 Middlewares/Third_Party/FreeRTOS/Source/tasks.o
 .ARM.attributes
                0x0000037a       0x33 Middlewares/Third_Party/FreeRTOS/Source/portable/GCC/ARM_CM3/port.o
 .ARM.attributes
                0x000003ad       0x33 Middlewares/Third_Party/FreeRTOS/Source/portable/MemMang/heap_4.o
 .ARM.attributes
                0x000003e0       0x33 Src/adc.o
 .ARM.attributes
                0x00000413       0x33 Src/bmp280.o
 .ARM.attributes
                0x00000446       0x33 Src/freertos.o
 .ARM.attributes
                0x00000479       0x33 Src/gpio.o
 .ARM.attributes
                0x000004ac       0x33 Src/i2c.o
 .ARM.attributes
                0x000004df       0x33 Src/i2cif.o
 .ARM.attributes
                0x00000512       0x33 Src/main.o
 .ARM.attributes
                0x00000545       0x33 Src/mpu9250.o
 .ARM.attributes
                0x00000578       0x33 Src/spi.o
 .ARM.attributes
                0x000005ab       0x33 Src/stm32f1xx_hal_msp.o
 .ARM.attributes
                0x000005de       0x33 Src/stm32f1xx_it.o
 .ARM.attributes
                0x00000611       0x33 Src/system_stm32f1xx.o
 .ARM.attributes
                0x00000644       0x33 Src/tim.o
 .ARM.attributes
                0x00000677       0x33 Src/usart.o
 .ARM.attributes
                0x000006aa       0x33 Src/usb.o
 .ARM.attributes
                0x000006dd       0x21 startup/startup_stm32f103xb.o
 .ARM.attributes
                0x000006fe       0x2d c:/ac6/systemworkbench/plugins/fr.ac6.mcu.externaltools.arm-none.win32_1.16.0.201807130628/tools/compiler/bin/../lib/gcc/arm-none-eabi/7.2.1/../../../../arm-none-eabi/lib/thumb/v7-m\libm.a(lib_a-w_pow.o)
 .ARM.attributes
                0x0000072b       0x2d c:/ac6/systemworkbench/plugins/fr.ac6.mcu.externaltools.arm-none.win32_1.16.0.201807130628/tools/compiler/bin/../lib/gcc/arm-none-eabi/7.2.1/../../../../arm-none-eabi/lib/thumb/v7-m\libm.a(lib_a-w_sqrt.o)
 .ARM.attributes
                0x00000758       0x2d c:/ac6/systemworkbench/plugins/fr.ac6.mcu.externaltools.arm-none.win32_1.16.0.201807130628/tools/compiler/bin/../lib/gcc/arm-none-eabi/7.2.1/../../../../arm-none-eabi/lib/thumb/v7-m\libm.a(lib_a-e_pow.o)
 .ARM.attributes
                0x00000785       0x2d c:/ac6/systemworkbench/plugins/fr.ac6.mcu.externaltools.arm-none.win32_1.16.0.201807130628/tools/compiler/bin/../lib/gcc/arm-none-eabi/7.2.1/../../../../arm-none-eabi/lib/thumb/v7-m\libm.a(lib_a-e_sqrt.o)
 .ARM.attributes
                0x000007b2       0x2d c:/ac6/systemworkbench/plugins/fr.ac6.mcu.externaltools.arm-none.win32_1.16.0.201807130628/tools/compiler/bin/../lib/gcc/arm-none-eabi/7.2.1/../../../../arm-none-eabi/lib/thumb/v7-m\libm.a(lib_a-s_fabs.o)
 .ARM.attributes
                0x000007df       0x2d c:/ac6/systemworkbench/plugins/fr.ac6.mcu.externaltools.arm-none.win32_1.16.0.201807130628/tools/compiler/bin/../lib/gcc/arm-none-eabi/7.2.1/../../../../arm-none-eabi/lib/thumb/v7-m\libm.a(lib_a-s_finite.o)
 .ARM.attributes
                0x0000080c       0x2d c:/ac6/systemworkbench/plugins/fr.ac6.mcu.externaltools.arm-none.win32_1.16.0.201807130628/tools/compiler/bin/../lib/gcc/arm-none-eabi/7.2.1/../../../../arm-none-eabi/lib/thumb/v7-m\libm.a(lib_a-s_lib_ver.o)
 .ARM.attributes
                0x00000839       0x2d c:/ac6/systemworkbench/plugins/fr.ac6.mcu.externaltools.arm-none.win32_1.16.0.201807130628/tools/compiler/bin/../lib/gcc/arm-none-eabi/7.2.1/../../../../arm-none-eabi/lib/thumb/v7-m\libm.a(lib_a-s_matherr.o)
 .ARM.attributes
                0x00000866       0x2d c:/ac6/systemworkbench/plugins/fr.ac6.mcu.externaltools.arm-none.win32_1.16.0.201807130628/tools/compiler/bin/../lib/gcc/arm-none-eabi/7.2.1/../../../../arm-none-eabi/lib/thumb/v7-m\libm.a(lib_a-s_nan.o)
 .ARM.attributes
                0x00000893       0x2d c:/ac6/systemworkbench/plugins/fr.ac6.mcu.externaltools.arm-none.win32_1.16.0.201807130628/tools/compiler/bin/../lib/gcc/arm-none-eabi/7.2.1/../../../../arm-none-eabi/lib/thumb/v7-m\libm.a(lib_a-s_rint.o)
 .ARM.attributes
                0x000008c0       0x2d c:/ac6/systemworkbench/plugins/fr.ac6.mcu.externaltools.arm-none.win32_1.16.0.201807130628/tools/compiler/bin/../lib/gcc/arm-none-eabi/7.2.1/../../../../arm-none-eabi/lib/thumb/v7-m\libm.a(lib_a-s_scalbn.o)
 .ARM.attributes
                0x000008ed       0x2d c:/ac6/systemworkbench/plugins/fr.ac6.mcu.externaltools.arm-none.win32_1.16.0.201807130628/tools/compiler/bin/../lib/gcc/arm-none-eabi/7.2.1/../../../../arm-none-eabi/lib/thumb/v7-m\libm.a(lib_a-s_copysign.o)
 .ARM.attributes
                0x0000091a       0x1d c:/ac6/systemworkbench/plugins/fr.ac6.mcu.externaltools.arm-none.win32_1.16.0.201807130628/tools/compiler/bin/../lib/gcc/arm-none-eabi/7.2.1/thumb/v7-m\libgcc.a(_arm_addsubdf3.o)
 .ARM.attributes
                0x00000937       0x1d c:/ac6/systemworkbench/plugins/fr.ac6.mcu.externaltools.arm-none.win32_1.16.0.201807130628/tools/compiler/bin/../lib/gcc/arm-none-eabi/7.2.1/thumb/v7-m\libgcc.a(_arm_muldivdf3.o)
 .ARM.attributes
                0x00000954       0x1d c:/ac6/systemworkbench/plugins/fr.ac6.mcu.externaltools.arm-none.win32_1.16.0.201807130628/tools/compiler/bin/../lib/gcc/arm-none-eabi/7.2.1/thumb/v7-m\libgcc.a(_arm_cmpdf2.o)
 .ARM.attributes
                0x00000971       0x1d c:/ac6/systemworkbench/plugins/fr.ac6.mcu.externaltools.arm-none.win32_1.16.0.201807130628/tools/compiler/bin/../lib/gcc/arm-none-eabi/7.2.1/thumb/v7-m\libgcc.a(_arm_unorddf2.o)
 .ARM.attributes
                0x0000098e       0x1d c:/ac6/systemworkbench/plugins/fr.ac6.mcu.externaltools.arm-none.win32_1.16.0.201807130628/tools/compiler/bin/../lib/gcc/arm-none-eabi/7.2.1/thumb/v7-m\libgcc.a(_arm_fixunsdfsi.o)
 .ARM.attributes
                0x000009ab       0x1d c:/ac6/systemworkbench/plugins/fr.ac6.mcu.externaltools.arm-none.win32_1.16.0.201807130628/tools/compiler/bin/../lib/gcc/arm-none-eabi/7.2.1/thumb/v7-m\libgcc.a(_arm_truncdfsf2.o)
 .ARM.attributes
                0x000009c8       0x1d c:/ac6/systemworkbench/plugins/fr.ac6.mcu.externaltools.arm-none.win32_1.16.0.201807130628/tools/compiler/bin/../lib/gcc/arm-none-eabi/7.2.1/thumb/v7-m\libgcc.a(_arm_addsubsf3.o)
 .ARM.attributes
                0x000009e5       0x1d c:/ac6/systemworkbench/plugins/fr.ac6.mcu.externaltools.arm-none.win32_1.16.0.201807130628/tools/compiler/bin/../lib/gcc/arm-none-eabi/7.2.1/thumb/v7-m\libgcc.a(_arm_muldivsf3.o)
 .ARM.attributes
                0x00000a02       0x1d c:/ac6/systemworkbench/plugins/fr.ac6.mcu.externaltools.arm-none.win32_1.16.0.201807130628/tools/compiler/bin/../lib/gcc/arm-none-eabi/7.2.1/thumb/v7-m\libgcc.a(_aeabi_ldivmod.o)
 .ARM.attributes
                0x00000a1f       0x2d c:/ac6/systemworkbench/plugins/fr.ac6.mcu.externaltools.arm-none.win32_1.16.0.201807130628/tools/compiler/bin/../lib/gcc/arm-none-eabi/7.2.1/thumb/v7-m\libgcc.a(_udivmoddi4.o)
 .ARM.attributes
                0x00000a4c       0x1d c:/ac6/systemworkbench/plugins/fr.ac6.mcu.externaltools.arm-none.win32_1.16.0.201807130628/tools/compiler/bin/../lib/gcc/arm-none-eabi/7.2.1/thumb/v7-m\libgcc.a(_dvmd_tls.o)
 .ARM.attributes
                0x00000a69       0x2d c:/ac6/systemworkbench/plugins/fr.ac6.mcu.externaltools.arm-none.win32_1.16.0.201807130628/tools/compiler/bin/../lib/gcc/arm-none-eabi/7.2.1/../../../../arm-none-eabi/lib/thumb/v7-m\libc_nano.a(lib_a-errno.o)
 .ARM.attributes
                0x00000a96       0x2d c:/ac6/systemworkbench/plugins/fr.ac6.mcu.externaltools.arm-none.win32_1.16.0.201807130628/tools/compiler/bin/../lib/gcc/arm-none-eabi/7.2.1/../../../../arm-none-eabi/lib/thumb/v7-m\libc_nano.a(lib_a-impure.o)
 .ARM.attributes
                0x00000ac3       0x2d c:/ac6/systemworkbench/plugins/fr.ac6.mcu.externaltools.arm-none.win32_1.16.0.201807130628/tools/compiler/bin/../lib/gcc/arm-none-eabi/7.2.1/../../../../arm-none-eabi/lib/thumb/v7-m\libc_nano.a(lib_a-init.o)
 .ARM.attributes
                0x00000af0       0x1d c:/ac6/systemworkbench/plugins/fr.ac6.mcu.externaltools.arm-none.win32_1.16.0.201807130628/tools/compiler/bin/../lib/gcc/arm-none-eabi/7.2.1/thumb/v7-m/crtn.o
OUTPUT(QuadFW_F103.elf elf32-littlearm)

.debug_info     0x00000000    0x30442
 .debug_info    0x00000000      0xfb4 Drivers/STM32F1xx_HAL_Driver/Src/stm32f1xx_hal.o
 .debug_info    0x00000fb4     0x1671 Drivers/STM32F1xx_HAL_Driver/Src/stm32f1xx_hal_adc.o
 .debug_info    0x00002625     0x14bc Drivers/STM32F1xx_HAL_Driver/Src/stm32f1xx_hal_cortex.o
 .debug_info    0x00003ae1      0xece Drivers/STM32F1xx_HAL_Driver/Src/stm32f1xx_hal_gpio.o
 .debug_info    0x000049af     0x37e1 Drivers/STM32F1xx_HAL_Driver/Src/stm32f1xx_hal_i2c.o
 .debug_info    0x00008190     0x1a19 Drivers/STM32F1xx_HAL_Driver/Src/stm32f1xx_hal_pcd.o
 .debug_info    0x00009ba9     0x1236 Drivers/STM32F1xx_HAL_Driver/Src/stm32f1xx_hal_rcc.o
 .debug_info    0x0000addf      0xcae Drivers/STM32F1xx_HAL_Driver/Src/stm32f1xx_hal_rcc_ex.o
 .debug_info    0x0000ba8d      0xe6c Drivers/STM32F1xx_HAL_Driver/Src/stm32f1xx_hal_spi_ex.o
 .debug_info    0x0000c8f9     0x36a7 Drivers/STM32F1xx_HAL_Driver/Src/stm32f1xx_hal_tim.o
 .debug_info    0x0000ffa0     0x1aef Drivers/STM32F1xx_HAL_Driver/Src/stm32f1xx_hal_tim_ex.o
 .debug_info    0x00011a8f     0x1ec2 Drivers/STM32F1xx_HAL_Driver/Src/stm32f1xx_hal_uart.o
 .debug_info    0x00013951     0x1773 Drivers/STM32F1xx_HAL_Driver/Src/stm32f1xx_ll_usb.o
 .debug_info    0x000150c4     0x231e Middlewares/Third_Party/FreeRTOS/Source/CMSIS_RTOS/cmsis_os.o
 .debug_info    0x000173e2      0xacd Middlewares/Third_Party/FreeRTOS/Source/list.o
 .debug_info    0x00017eaf     0x2915 Middlewares/Third_Party/FreeRTOS/Source/tasks.o
 .debug_info    0x0001a7c4      0x4cb Middlewares/Third_Party/FreeRTOS/Source/portable/GCC/ARM_CM3/port.o
 .debug_info    0x0001ac8f      0xc71 Middlewares/Third_Party/FreeRTOS/Source/portable/MemMang/heap_4.o
 .debug_info    0x0001b900     0x11ac Src/adc.o
 .debug_info    0x0001caac     0x1438 Src/bmp280.o
 .debug_info    0x0001dee4     0x14c3 Src/freertos.o
 .debug_info    0x0001f3a7      0xb86 Src/gpio.o
 .debug_info    0x0001ff2d     0x11a2 Src/i2c.o
 .debug_info    0x000210cf     0x18c9 Src/i2cif.o
 .debug_info    0x00022998     0x1e3e Src/main.o
 .debug_info    0x000247d6     0x5419 Src/mpu9250.o
 .debug_info    0x00029bef     0x10c3 Src/spi.o
 .debug_info    0x0002acb2      0xc60 Src/stm32f1xx_hal_msp.o
 .debug_info    0x0002b912      0xa29 Src/stm32f1xx_it.o
 .debug_info    0x0002c33b      0xc5c Src/system_stm32f1xx.o
 .debug_info    0x0002cf97     0x14fb Src/tim.o
 .debug_info    0x0002e492     0x1066 Src/usart.o
 .debug_info    0x0002f4f8      0xf28 Src/usb.o
 .debug_info    0x00030420       0x22 startup/startup_stm32f103xb.o

.debug_abbrev   0x00000000     0x5a8f
 .debug_abbrev  0x00000000      0x301 Drivers/STM32F1xx_HAL_Driver/Src/stm32f1xx_hal.o
 .debug_abbrev  0x00000301      0x288 Drivers/STM32F1xx_HAL_Driver/Src/stm32f1xx_hal_adc.o
 .debug_abbrev  0x00000589      0x3cd Drivers/STM32F1xx_HAL_Driver/Src/stm32f1xx_hal_cortex.o
 .debug_abbrev  0x00000956      0x2a7 Drivers/STM32F1xx_HAL_Driver/Src/stm32f1xx_hal_gpio.o
 .debug_abbrev  0x00000bfd      0x308 Drivers/STM32F1xx_HAL_Driver/Src/stm32f1xx_hal_i2c.o
 .debug_abbrev  0x00000f05      0x357 Drivers/STM32F1xx_HAL_Driver/Src/stm32f1xx_hal_pcd.o
 .debug_abbrev  0x0000125c      0x335 Drivers/STM32F1xx_HAL_Driver/Src/stm32f1xx_hal_rcc.o
 .debug_abbrev  0x00001591      0x2b4 Drivers/STM32F1xx_HAL_Driver/Src/stm32f1xx_hal_rcc_ex.o
 .debug_abbrev  0x00001845      0x209 Drivers/STM32F1xx_HAL_Driver/Src/stm32f1xx_hal_spi_ex.o
 .debug_abbrev  0x00001a4e      0x2ef Drivers/STM32F1xx_HAL_Driver/Src/stm32f1xx_hal_tim.o
 .debug_abbrev  0x00001d3d      0x2e0 Drivers/STM32F1xx_HAL_Driver/Src/stm32f1xx_hal_tim_ex.o
 .debug_abbrev  0x0000201d      0x308 Drivers/STM32F1xx_HAL_Driver/Src/stm32f1xx_hal_uart.o
 .debug_abbrev  0x00002325      0x2c3 Drivers/STM32F1xx_HAL_Driver/Src/stm32f1xx_ll_usb.o
 .debug_abbrev  0x000025e8      0x3d4 Middlewares/Third_Party/FreeRTOS/Source/CMSIS_RTOS/cmsis_os.o
 .debug_abbrev  0x000029bc      0x21c Middlewares/Third_Party/FreeRTOS/Source/list.o
 .debug_abbrev  0x00002bd8      0x3cf Middlewares/Third_Party/FreeRTOS/Source/tasks.o
 .debug_abbrev  0x00002fa7      0x24e Middlewares/Third_Party/FreeRTOS/Source/portable/GCC/ARM_CM3/port.o
 .debug_abbrev  0x000031f5      0x318 Middlewares/Third_Party/FreeRTOS/Source/portable/MemMang/heap_4.o
 .debug_abbrev  0x0000350d      0x263 Src/adc.o
 .debug_abbrev  0x00003770      0x2d4 Src/bmp280.o
 .debug_abbrev  0x00003a44      0x2d3 Src/freertos.o
 .debug_abbrev  0x00003d17      0x21e Src/gpio.o
 .debug_abbrev  0x00003f35      0x263 Src/i2c.o
 .debug_abbrev  0x00004198      0x2d0 Src/i2cif.o
 .debug_abbrev  0x00004468      0x28e Src/main.o
 .debug_abbrev  0x000046f6      0x34a Src/mpu9250.o
 .debug_abbrev  0x00004a40      0x263 Src/spi.o
 .debug_abbrev  0x00004ca3      0x227 Src/stm32f1xx_hal_msp.o
 .debug_abbrev  0x00004eca      0x201 Src/stm32f1xx_it.o
 .debug_abbrev  0x000050cb      0x228 Src/system_stm32f1xx.o
 .debug_abbrev  0x000052f3      0x2c4 Src/tim.o
 .debug_abbrev  0x000055b7      0x263 Src/usart.o
 .debug_abbrev  0x0000581a      0x263 Src/usb.o
 .debug_abbrev  0x00005a7d       0x12 startup/startup_stm32f103xb.o

.debug_loc      0x00000000    0x1104d
 .debug_loc     0x00000000       0xfd Drivers/STM32F1xx_HAL_Driver/Src/stm32f1xx_hal.o
 .debug_loc     0x000000fd      0x9fa Drivers/STM32F1xx_HAL_Driver/Src/stm32f1xx_hal_adc.o
 .debug_loc     0x00000af7      0x5ad Drivers/STM32F1xx_HAL_Driver/Src/stm32f1xx_hal_cortex.o
 .debug_loc     0x000010a4      0x44e Drivers/STM32F1xx_HAL_Driver/Src/stm32f1xx_hal_gpio.o
 .debug_loc     0x000014f2     0x31db Drivers/STM32F1xx_HAL_Driver/Src/stm32f1xx_hal_i2c.o
 .debug_loc     0x000046cd      0xa6c Drivers/STM32F1xx_HAL_Driver/Src/stm32f1xx_hal_pcd.o
 .debug_loc     0x00005139      0x502 Drivers/STM32F1xx_HAL_Driver/Src/stm32f1xx_hal_rcc.o
 .debug_loc     0x0000563b      0x2d2 Drivers/STM32F1xx_HAL_Driver/Src/stm32f1xx_hal_rcc_ex.o
 .debug_loc     0x0000590d       0x4d Drivers/STM32F1xx_HAL_Driver/Src/stm32f1xx_hal_spi_ex.o
 .debug_loc     0x0000595a     0x367a Drivers/STM32F1xx_HAL_Driver/Src/stm32f1xx_hal_tim.o
 .debug_loc     0x00008fd4      0xf9e Drivers/STM32F1xx_HAL_Driver/Src/stm32f1xx_hal_tim_ex.o
 .debug_loc     0x00009f72     0x1529 Drivers/STM32F1xx_HAL_Driver/Src/stm32f1xx_hal_uart.o
 .debug_loc     0x0000b49b      0xc0d Drivers/STM32F1xx_HAL_Driver/Src/stm32f1xx_ll_usb.o
 .debug_loc     0x0000c0a8      0xee1 Middlewares/Third_Party/FreeRTOS/Source/CMSIS_RTOS/cmsis_os.o
 .debug_loc     0x0000cf89       0x70 Middlewares/Third_Party/FreeRTOS/Source/list.o
 .debug_loc     0x0000cff9     0x11ef Middlewares/Third_Party/FreeRTOS/Source/tasks.o
 .debug_loc     0x0000e1e8       0xce Middlewares/Third_Party/FreeRTOS/Source/portable/GCC/ARM_CM3/port.o
 .debug_loc     0x0000e2b6      0x291 Middlewares/Third_Party/FreeRTOS/Source/portable/MemMang/heap_4.o
 .debug_loc     0x0000e547       0xa6 Src/adc.o
 .debug_loc     0x0000e5ed      0x30d Src/bmp280.o
 .debug_loc     0x0000e8fa       0x4d Src/freertos.o
 .debug_loc     0x0000e947       0xa6 Src/i2c.o
 .debug_loc     0x0000e9ed      0xb06 Src/i2cif.o
 .debug_loc     0x0000f4f3     0x18f8 Src/mpu9250.o
 .debug_loc     0x00010deb       0x74 Src/spi.o
 .debug_loc     0x00010e5f       0xdf Src/system_stm32f1xx.o
 .debug_loc     0x00010f3e       0x9b Src/tim.o
 .debug_loc     0x00010fd9       0x74 Src/usart.o

.debug_aranges  0x00000000     0x1ea8
 .debug_aranges
                0x00000000       0xd0 Drivers/STM32F1xx_HAL_Driver/Src/stm32f1xx_hal.o
 .debug_aranges
                0x000000d0       0xf0 Drivers/STM32F1xx_HAL_Driver/Src/stm32f1xx_hal_adc.o
 .debug_aranges
                0x000001c0       0x90 Drivers/STM32F1xx_HAL_Driver/Src/stm32f1xx_hal_cortex.o
 .debug_aranges
                0x00000250       0x58 Drivers/STM32F1xx_HAL_Driver/Src/stm32f1xx_hal_gpio.o
 .debug_aranges
                0x000002a8      0x268 Drivers/STM32F1xx_HAL_Driver/Src/stm32f1xx_hal_i2c.o
 .debug_aranges
                0x00000510      0x120 Drivers/STM32F1xx_HAL_Driver/Src/stm32f1xx_hal_pcd.o
 .debug_aranges
                0x00000630       0x90 Drivers/STM32F1xx_HAL_Driver/Src/stm32f1xx_hal_rcc.o
 .debug_aranges
                0x000006c0       0x30 Drivers/STM32F1xx_HAL_Driver/Src/stm32f1xx_hal_rcc_ex.o
 .debug_aranges
                0x000006f0       0x20 Drivers/STM32F1xx_HAL_Driver/Src/stm32f1xx_hal_spi_ex.o
 .debug_aranges
                0x00000710      0x368 Drivers/STM32F1xx_HAL_Driver/Src/stm32f1xx_hal_tim.o
 .debug_aranges
                0x00000a78      0x138 Drivers/STM32F1xx_HAL_Driver/Src/stm32f1xx_hal_tim_ex.o
 .debug_aranges
                0x00000bb0      0x1d0 Drivers/STM32F1xx_HAL_Driver/Src/stm32f1xx_hal_uart.o
 .debug_aranges
                0x00000d80      0x100 Drivers/STM32F1xx_HAL_Driver/Src/stm32f1xx_ll_usb.o
 .debug_aranges
                0x00000e80      0x1d8 Middlewares/Third_Party/FreeRTOS/Source/CMSIS_RTOS/cmsis_os.o
 .debug_aranges
                0x00001058       0x40 Middlewares/Third_Party/FreeRTOS/Source/list.o
 .debug_aranges
                0x00001098      0x190 Middlewares/Third_Party/FreeRTOS/Source/tasks.o
 .debug_aranges
                0x00001228       0x78 Middlewares/Third_Party/FreeRTOS/Source/portable/GCC/ARM_CM3/port.o
 .debug_aranges
                0x000012a0       0x50 Middlewares/Third_Party/FreeRTOS/Source/portable/MemMang/heap_4.o
 .debug_aranges
                0x000012f0       0x38 Src/adc.o
 .debug_aranges
                0x00001328       0x70 Src/bmp280.o
 .debug_aranges
                0x00001398       0x28 Src/freertos.o
 .debug_aranges
                0x000013c0       0x20 Src/gpio.o
 .debug_aranges
                0x000013e0       0x38 Src/i2c.o
 .debug_aranges
                0x00001418       0x98 Src/i2cif.o
 .debug_aranges
                0x000014b0       0x30 Src/main.o
 .debug_aranges
                0x000014e0      0x830 Src/mpu9250.o
 .debug_aranges
                0x00001d10       0x30 Src/spi.o
 .debug_aranges
                0x00001d40       0x20 Src/stm32f1xx_hal_msp.o
 .debug_aranges
                0x00001d60       0x50 Src/stm32f1xx_it.o
 .debug_aranges
                0x00001db0       0x28 Src/system_stm32f1xx.o
 .debug_aranges
                0x00001dd8       0x48 Src/tim.o
 .debug_aranges
                0x00001e20       0x30 Src/usart.o
 .debug_aranges
                0x00001e50       0x30 Src/usb.o
 .debug_aranges
                0x00001e80       0x28 startup/startup_stm32f103xb.o

.debug_ranges   0x00000000     0x1eb8
 .debug_ranges  0x00000000       0xc0 Drivers/STM32F1xx_HAL_Driver/Src/stm32f1xx_hal.o
 .debug_ranges  0x000000c0       0xe0 Drivers/STM32F1xx_HAL_Driver/Src/stm32f1xx_hal_adc.o
 .debug_ranges  0x000001a0       0xe0 Drivers/STM32F1xx_HAL_Driver/Src/stm32f1xx_hal_cortex.o
 .debug_ranges  0x00000280       0x48 Drivers/STM32F1xx_HAL_Driver/Src/stm32f1xx_hal_gpio.o
 .debug_ranges  0x000002c8      0x258 Drivers/STM32F1xx_HAL_Driver/Src/stm32f1xx_hal_i2c.o
 .debug_ranges  0x00000520      0x140 Drivers/STM32F1xx_HAL_Driver/Src/stm32f1xx_hal_pcd.o
 .debug_ranges  0x00000660       0xa0 Drivers/STM32F1xx_HAL_Driver/Src/stm32f1xx_hal_rcc.o
 .debug_ranges  0x00000700       0x38 Drivers/STM32F1xx_HAL_Driver/Src/stm32f1xx_hal_rcc_ex.o
 .debug_ranges  0x00000738       0x10 Drivers/STM32F1xx_HAL_Driver/Src/stm32f1xx_hal_spi_ex.o
 .debug_ranges  0x00000748      0x358 Drivers/STM32F1xx_HAL_Driver/Src/stm32f1xx_hal_tim.o
 .debug_ranges  0x00000aa0      0x128 Drivers/STM32F1xx_HAL_Driver/Src/stm32f1xx_hal_tim_ex.o
 .debug_ranges  0x00000bc8      0x1c0 Drivers/STM32F1xx_HAL_Driver/Src/stm32f1xx_hal_uart.o
 .debug_ranges  0x00000d88      0x1e0 Drivers/STM32F1xx_HAL_Driver/Src/stm32f1xx_ll_usb.o
 .debug_ranges  0x00000f68      0x1c8 Middlewares/Third_Party/FreeRTOS/Source/CMSIS_RTOS/cmsis_os.o
 .debug_ranges  0x00001130       0x30 Middlewares/Third_Party/FreeRTOS/Source/list.o
 .debug_ranges  0x00001160      0x1f0 Middlewares/Third_Party/FreeRTOS/Source/tasks.o
 .debug_ranges  0x00001350       0x68 Middlewares/Third_Party/FreeRTOS/Source/portable/GCC/ARM_CM3/port.o
 .debug_ranges  0x000013b8       0x40 Middlewares/Third_Party/FreeRTOS/Source/portable/MemMang/heap_4.o
 .debug_ranges  0x000013f8       0x28 Src/adc.o
 .debug_ranges  0x00001420       0x60 Src/bmp280.o
 .debug_ranges  0x00001480       0x18 Src/freertos.o
 .debug_ranges  0x00001498       0x10 Src/gpio.o
 .debug_ranges  0x000014a8       0x28 Src/i2c.o
 .debug_ranges  0x000014d0       0x88 Src/i2cif.o
 .debug_ranges  0x00001558       0x20 Src/main.o
 .debug_ranges  0x00001578      0x820 Src/mpu9250.o
 .debug_ranges  0x00001d98       0x20 Src/spi.o
 .debug_ranges  0x00001db8       0x10 Src/stm32f1xx_hal_msp.o
 .debug_ranges  0x00001dc8       0x40 Src/stm32f1xx_it.o
 .debug_ranges  0x00001e08       0x18 Src/system_stm32f1xx.o
 .debug_ranges  0x00001e20       0x38 Src/tim.o
 .debug_ranges  0x00001e58       0x20 Src/usart.o
 .debug_ranges  0x00001e78       0x20 Src/usb.o
 .debug_ranges  0x00001e98       0x20 startup/startup_stm32f103xb.o

.debug_macro    0x00000000    0x1be61
 .debug_macro   0x00000000      0x354 Drivers/STM32F1xx_HAL_Driver/Src/stm32f1xx_hal.o
 .debug_macro   0x00000354      0xa60 Drivers/STM32F1xx_HAL_Driver/Src/stm32f1xx_hal.o
 .debug_macro   0x00000db4      0x187 Drivers/STM32F1xx_HAL_Driver/Src/stm32f1xx_hal.o
 .debug_macro   0x00000f3b       0x2e Drivers/STM32F1xx_HAL_Driver/Src/stm32f1xx_hal.o
 .debug_macro   0x00000f69       0x22 Drivers/STM32F1xx_HAL_Driver/Src/stm32f1xx_hal.o
 .debug_macro   0x00000f8b       0x22 Drivers/STM32F1xx_HAL_Driver/Src/stm32f1xx_hal.o
 .debug_macro   0x00000fad       0x87 Drivers/STM32F1xx_HAL_Driver/Src/stm32f1xx_hal.o
 .debug_macro   0x00001034       0x51 Drivers/STM32F1xx_HAL_Driver/Src/stm32f1xx_hal.o
 .debug_macro   0x00001085       0xef Drivers/STM32F1xx_HAL_Driver/Src/stm32f1xx_hal.o
 .debug_macro   0x00001174       0x6a Drivers/STM32F1xx_HAL_Driver/Src/stm32f1xx_hal.o
 .debug_macro   0x000011de      0x1df Drivers/STM32F1xx_HAL_Driver/Src/stm32f1xx_hal.o
 .debug_macro   0x000013bd       0x34 Drivers/STM32F1xx_HAL_Driver/Src/stm32f1xx_hal.o
 .debug_macro   0x000013f1       0x34 Drivers/STM32F1xx_HAL_Driver/Src/stm32f1xx_hal.o
 .debug_macro   0x00001425      0xb8e Drivers/STM32F1xx_HAL_Driver/Src/stm32f1xx_hal.o
 .debug_macro   0x00001fb3     0xe911 Drivers/STM32F1xx_HAL_Driver/Src/stm32f1xx_hal.o
 .debug_macro   0x000108c4       0x43 Drivers/STM32F1xx_HAL_Driver/Src/stm32f1xx_hal.o
 .debug_macro   0x00010907       0x58 Drivers/STM32F1xx_HAL_Driver/Src/stm32f1xx_hal.o
 .debug_macro   0x0001095f       0x17 Drivers/STM32F1xx_HAL_Driver/Src/stm32f1xx_hal.o
 .debug_macro   0x00010976       0x35 Drivers/STM32F1xx_HAL_Driver/Src/stm32f1xx_hal.o
 .debug_macro   0x000109ab       0x9c Drivers/STM32F1xx_HAL_Driver/Src/stm32f1xx_hal.o
 .debug_macro   0x00010a47       0x16 Drivers/STM32F1xx_HAL_Driver/Src/stm32f1xx_hal.o
 .debug_macro   0x00010a5d       0x97 Drivers/STM32F1xx_HAL_Driver/Src/stm32f1xx_hal.o
 .debug_macro   0x00010af4      0x330 Drivers/STM32F1xx_HAL_Driver/Src/stm32f1xx_hal.o
 .debug_macro   0x00010e24       0xfd Drivers/STM32F1xx_HAL_Driver/Src/stm32f1xx_hal.o
 .debug_macro   0x00010f21       0x10 Drivers/STM32F1xx_HAL_Driver/Src/stm32f1xx_hal.o
 .debug_macro   0x00010f31       0x58 Drivers/STM32F1xx_HAL_Driver/Src/stm32f1xx_hal.o
 .debug_macro   0x00010f89       0x1f Drivers/STM32F1xx_HAL_Driver/Src/stm32f1xx_hal.o
 .debug_macro   0x00010fa8       0x43 Drivers/STM32F1xx_HAL_Driver/Src/stm32f1xx_hal.o
 .debug_macro   0x00010feb       0x20 Drivers/STM32F1xx_HAL_Driver/Src/stm32f1xx_hal.o
 .debug_macro   0x0001100b      0x18e Drivers/STM32F1xx_HAL_Driver/Src/stm32f1xx_hal.o
 .debug_macro   0x00011199       0x10 Drivers/STM32F1xx_HAL_Driver/Src/stm32f1xx_hal.o
 .debug_macro   0x000111a9       0x1c Drivers/STM32F1xx_HAL_Driver/Src/stm32f1xx_hal.o
 .debug_macro   0x000111c5       0x52 Drivers/STM32F1xx_HAL_Driver/Src/stm32f1xx_hal.o
 .debug_macro   0x00011217       0x40 Drivers/STM32F1xx_HAL_Driver/Src/stm32f1xx_hal.o
 .debug_macro   0x00011257       0x10 Drivers/STM32F1xx_HAL_Driver/Src/stm32f1xx_hal.o
 .debug_macro   0x00011267       0x40 Drivers/STM32F1xx_HAL_Driver/Src/stm32f1xx_hal.o
 .debug_macro   0x000112a7       0xd7 Drivers/STM32F1xx_HAL_Driver/Src/stm32f1xx_hal.o
 .debug_macro   0x0001137e       0x1c Drivers/STM32F1xx_HAL_Driver/Src/stm32f1xx_hal.o
 .debug_macro   0x0001139a       0x3d Drivers/STM32F1xx_HAL_Driver/Src/stm32f1xx_hal.o
 .debug_macro   0x000113d7       0x16 Drivers/STM32F1xx_HAL_Driver/Src/stm32f1xx_hal.o
 .debug_macro   0x000113ed      0x16f Drivers/STM32F1xx_HAL_Driver/Src/stm32f1xx_hal.o
 .debug_macro   0x0001155c       0x50 Drivers/STM32F1xx_HAL_Driver/Src/stm32f1xx_hal.o
 .debug_macro   0x000115ac      0x5c2 Drivers/STM32F1xx_HAL_Driver/Src/stm32f1xx_hal.o
 .debug_macro   0x00011b6e      0x28a Drivers/STM32F1xx_HAL_Driver/Src/stm32f1xx_hal.o
 .debug_macro   0x00011df8      0x1cb Drivers/STM32F1xx_HAL_Driver/Src/stm32f1xx_hal.o
 .debug_macro   0x00011fc3      0x11e Drivers/STM32F1xx_HAL_Driver/Src/stm32f1xx_hal.o
 .debug_macro   0x000120e1      0x1b3 Drivers/STM32F1xx_HAL_Driver/Src/stm32f1xx_hal.o
 .debug_macro   0x00012294       0x27 Drivers/STM32F1xx_HAL_Driver/Src/stm32f1xx_hal.o
 .debug_macro   0x000122bb      0x1bc Drivers/STM32F1xx_HAL_Driver/Src/stm32f1xx_hal.o
 .debug_macro   0x00012477       0x34 Drivers/STM32F1xx_HAL_Driver/Src/stm32f1xx_hal.o
 .debug_macro   0x000124ab       0x3c Drivers/STM32F1xx_HAL_Driver/Src/stm32f1xx_hal.o
 .debug_macro   0x000124e7       0x57 Drivers/STM32F1xx_HAL_Driver/Src/stm32f1xx_hal.o
 .debug_macro   0x0001253e      0x46a Drivers/STM32F1xx_HAL_Driver/Src/stm32f1xx_hal.o
 .debug_macro   0x000129a8      0x1b5 Drivers/STM32F1xx_HAL_Driver/Src/stm32f1xx_hal.o
 .debug_macro   0x00012b5d       0x8c Drivers/STM32F1xx_HAL_Driver/Src/stm32f1xx_hal.o
 .debug_macro   0x00012be9      0x242 Drivers/STM32F1xx_HAL_Driver/Src/stm32f1xx_hal.o
 .debug_macro   0x00012e2b      0x264 Drivers/STM32F1xx_HAL_Driver/Src/stm32f1xx_hal.o
 .debug_macro   0x0001308f      0x143 Drivers/STM32F1xx_HAL_Driver/Src/stm32f1xx_hal.o
 .debug_macro   0x000131d2      0x1f4 Drivers/STM32F1xx_HAL_Driver/Src/stm32f1xx_hal.o
 .debug_macro   0x000133c6      0x853 Drivers/STM32F1xx_HAL_Driver/Src/stm32f1xx_hal.o
 .debug_macro   0x00013c19       0x1f Drivers/STM32F1xx_HAL_Driver/Src/stm32f1xx_hal.o
 .debug_macro   0x00013c38      0x26b Drivers/STM32F1xx_HAL_Driver/Src/stm32f1xx_hal.o
 .debug_macro   0x00013ea3       0x50 Drivers/STM32F1xx_HAL_Driver/Src/stm32f1xx_hal.o
 .debug_macro   0x00013ef3      0x26c Drivers/STM32F1xx_HAL_Driver/Src/stm32f1xx_hal.o
 .debug_macro   0x0001415f       0x83 Drivers/STM32F1xx_HAL_Driver/Src/stm32f1xx_hal.o
 .debug_macro   0x000141e2      0x34d Drivers/STM32F1xx_HAL_Driver/Src/stm32f1xx_hal_adc.o
 .debug_macro   0x0001452f      0x330 Drivers/STM32F1xx_HAL_Driver/Src/stm32f1xx_hal_cortex.o
 .debug_macro   0x0001485f      0x3a0 Drivers/STM32F1xx_HAL_Driver/Src/stm32f1xx_hal_gpio.o
 .debug_macro   0x00014bff      0x370 Drivers/STM32F1xx_HAL_Driver/Src/stm32f1xx_hal_i2c.o
 .debug_macro   0x00014f6f      0x33c Drivers/STM32F1xx_HAL_Driver/Src/stm32f1xx_hal_pcd.o
 .debug_macro   0x000152ab      0x342 Drivers/STM32F1xx_HAL_Driver/Src/stm32f1xx_hal_rcc.o
 .debug_macro   0x000155ed      0x330 Drivers/STM32F1xx_HAL_Driver/Src/stm32f1xx_hal_rcc_ex.o
 .debug_macro   0x0001591d      0x330 Drivers/STM32F1xx_HAL_Driver/Src/stm32f1xx_hal_spi_ex.o
 .debug_macro   0x00015c4d      0x330 Drivers/STM32F1xx_HAL_Driver/Src/stm32f1xx_hal_tim.o
 .debug_macro   0x00015f7d      0x330 Drivers/STM32F1xx_HAL_Driver/Src/stm32f1xx_hal_tim_ex.o
 .debug_macro   0x000162ad      0x331 Drivers/STM32F1xx_HAL_Driver/Src/stm32f1xx_hal_uart.o
 .debug_macro   0x000165de      0x330 Drivers/STM32F1xx_HAL_Driver/Src/stm32f1xx_ll_usb.o
 .debug_macro   0x0001690e      0x1ed Middlewares/Third_Party/FreeRTOS/Source/CMSIS_RTOS/cmsis_os.o
 .debug_macro   0x00016afb       0x52 Middlewares/Third_Party/FreeRTOS/Source/CMSIS_RTOS/cmsis_os.o
 .debug_macro   0x00016b4d       0x8d Middlewares/Third_Party/FreeRTOS/Source/CMSIS_RTOS/cmsis_os.o
 .debug_macro   0x00016bda      0x174 Middlewares/Third_Party/FreeRTOS/Source/CMSIS_RTOS/cmsis_os.o
 .debug_macro   0x00016d4e       0x57 Middlewares/Third_Party/FreeRTOS/Source/CMSIS_RTOS/cmsis_os.o
 .debug_macro   0x00016da5       0x10 Middlewares/Third_Party/FreeRTOS/Source/CMSIS_RTOS/cmsis_os.o
 .debug_macro   0x00016db5       0x35 Middlewares/Third_Party/FreeRTOS/Source/CMSIS_RTOS/cmsis_os.o
 .debug_macro   0x00016dea       0xd8 Middlewares/Third_Party/FreeRTOS/Source/CMSIS_RTOS/cmsis_os.o
 .debug_macro   0x00016ec2      0x168 Middlewares/Third_Party/FreeRTOS/Source/CMSIS_RTOS/cmsis_os.o
 .debug_macro   0x0001702a       0xe4 Middlewares/Third_Party/FreeRTOS/Source/CMSIS_RTOS/cmsis_os.o
 .debug_macro   0x0001710e       0x10 Middlewares/Third_Party/FreeRTOS/Source/CMSIS_RTOS/cmsis_os.o
 .debug_macro   0x0001711e       0x1f Middlewares/Third_Party/FreeRTOS/Source/CMSIS_RTOS/cmsis_os.o
 .debug_macro   0x0001713d      0x40f Middlewares/Third_Party/FreeRTOS/Source/CMSIS_RTOS/cmsis_os.o
 .debug_macro   0x0001754c       0xc0 Middlewares/Third_Party/FreeRTOS/Source/CMSIS_RTOS/cmsis_os.o
 .debug_macro   0x0001760c       0x8c Middlewares/Third_Party/FreeRTOS/Source/CMSIS_RTOS/cmsis_os.o
 .debug_macro   0x00017698       0x91 Middlewares/Third_Party/FreeRTOS/Source/CMSIS_RTOS/cmsis_os.o
 .debug_macro   0x00017729       0x94 Middlewares/Third_Party/FreeRTOS/Source/CMSIS_RTOS/cmsis_os.o
 .debug_macro   0x000177bd       0x63 Middlewares/Third_Party/FreeRTOS/Source/CMSIS_RTOS/cmsis_os.o
 .debug_macro   0x00017820       0x19 Middlewares/Third_Party/FreeRTOS/Source/CMSIS_RTOS/cmsis_os.o
 .debug_macro   0x00017839       0xcf Middlewares/Third_Party/FreeRTOS/Source/CMSIS_RTOS/cmsis_os.o
 .debug_macro   0x00017908       0x26 Middlewares/Third_Party/FreeRTOS/Source/CMSIS_RTOS/cmsis_os.o
 .debug_macro   0x0001792e      0x17b Middlewares/Third_Party/FreeRTOS/Source/list.o
 .debug_macro   0x00017aa9      0x264 Middlewares/Third_Party/FreeRTOS/Source/tasks.o
 .debug_macro   0x00017d0d       0x11 Middlewares/Third_Party/FreeRTOS/Source/tasks.o
 .debug_macro   0x00017d1e      0x176 Middlewares/Third_Party/FreeRTOS/Source/portable/GCC/ARM_CM3/port.o
 .debug_macro   0x00017e94      0x1a2 Middlewares/Third_Party/FreeRTOS/Source/portable/MemMang/heap_4.o
 .debug_macro   0x00018036      0x344 Src/adc.o
 .debug_macro   0x0001837a      0x35d Src/bmp280.o
 .debug_macro   0x000186d7       0x82 Src/bmp280.o
 .debug_macro   0x00018759      0x418 Src/freertos.o
 .debug_macro   0x00018b71       0x3a Src/freertos.o
 .debug_macro   0x00018bab       0x16 Src/freertos.o
 .debug_macro   0x00018bc1       0x88 Src/freertos.o
 .debug_macro   0x00018c49      0x344 Src/gpio.o
 .debug_macro   0x00018f8d      0x344 Src/i2c.o
 .debug_macro   0x000192d1      0x344 Src/i2cif.o
 .debug_macro   0x00019615      0x438 Src/main.o
 .debug_macro   0x00019a4d       0xd8 Src/main.o
 .debug_macro   0x00019b25      0x366 Src/mpu9250.o
 .debug_macro   0x00019e8b      0x85e Src/mpu9250.o
 .debug_macro   0x0001a6e9      0x344 Src/spi.o
 .debug_macro   0x0001aa2d      0x33a Src/stm32f1xx_hal_msp.o
 .debug_macro   0x0001ad67      0x3f8 Src/stm32f1xx_it.o
 .debug_macro   0x0001b15f      0x336 Src/system_stm32f1xx.o
 .debug_macro   0x0001b495      0x344 Src/tim.o
 .debug_macro   0x0001b7d9      0x344 Src/usart.o
 .debug_macro   0x0001bb1d      0x344 Src/usb.o

.debug_line     0x00000000    0x161b4
 .debug_line    0x00000000      0x926 Drivers/STM32F1xx_HAL_Driver/Src/stm32f1xx_hal.o
 .debug_line    0x00000926      0xcb7 Drivers/STM32F1xx_HAL_Driver/Src/stm32f1xx_hal_adc.o
 .debug_line    0x000015dd      0x93e Drivers/STM32F1xx_HAL_Driver/Src/stm32f1xx_hal_cortex.o
 .debug_line    0x00001f1b      0x923 Drivers/STM32F1xx_HAL_Driver/Src/stm32f1xx_hal_gpio.o
 .debug_line    0x0000283e     0x19d5 Drivers/STM32F1xx_HAL_Driver/Src/stm32f1xx_hal_i2c.o
 .debug_line    0x00004213      0xc53 Drivers/STM32F1xx_HAL_Driver/Src/stm32f1xx_hal_pcd.o
 .debug_line    0x00004e66      0xa41 Drivers/STM32F1xx_HAL_Driver/Src/stm32f1xx_hal_rcc.o
 .debug_line    0x000058a7      0x82c Drivers/STM32F1xx_HAL_Driver/Src/stm32f1xx_hal_rcc_ex.o
 .debug_line    0x000060d3      0x79f Drivers/STM32F1xx_HAL_Driver/Src/stm32f1xx_hal_spi_ex.o
 .debug_line    0x00006872     0x173b Drivers/STM32F1xx_HAL_Driver/Src/stm32f1xx_hal_tim.o
 .debug_line    0x00007fad      0xcf5 Drivers/STM32F1xx_HAL_Driver/Src/stm32f1xx_hal_tim_ex.o
 .debug_line    0x00008ca2     0x1057 Drivers/STM32F1xx_HAL_Driver/Src/stm32f1xx_hal_uart.o
 .debug_line    0x00009cf9      0xb9d Drivers/STM32F1xx_HAL_Driver/Src/stm32f1xx_ll_usb.o
 .debug_line    0x0000a896      0xb90 Middlewares/Third_Party/FreeRTOS/Source/CMSIS_RTOS/cmsis_os.o
 .debug_line    0x0000b426      0x539 Middlewares/Third_Party/FreeRTOS/Source/list.o
 .debug_line    0x0000b95f      0xdd5 Middlewares/Third_Party/FreeRTOS/Source/tasks.o
 .debug_line    0x0000c734      0x5a5 Middlewares/Third_Party/FreeRTOS/Source/portable/GCC/ARM_CM3/port.o
 .debug_line    0x0000ccd9      0x5ed Middlewares/Third_Party/FreeRTOS/Source/portable/MemMang/heap_4.o
 .debug_line    0x0000d2c6      0x7e8 Src/adc.o
 .debug_line    0x0000daae      0x88d Src/bmp280.o
 .debug_line    0x0000e33b      0x990 Src/freertos.o
 .debug_line    0x0000eccb      0x773 Src/gpio.o
 .debug_line    0x0000f43e      0x7da Src/i2c.o
 .debug_line    0x0000fc18      0x8f0 Src/i2cif.o
 .debug_line    0x00010508      0x9a7 Src/main.o
 .debug_line    0x00010eaf     0x1a88 Src/mpu9250.o
 .debug_line    0x00012937      0x7b2 Src/spi.o
 .debug_line    0x000130e9      0x772 Src/stm32f1xx_hal_msp.o
 .debug_line    0x0001385b      0x99f Src/stm32f1xx_it.o
 .debug_line    0x000141fa      0x7a4 Src/system_stm32f1xx.o
 .debug_line    0x0001499e      0x84b Src/tim.o
 .debug_line    0x000151e9      0x7b2 Src/usart.o
 .debug_line    0x0001599b      0x79c Src/usb.o
 .debug_line    0x00016137       0x7d startup/startup_stm32f103xb.o

.debug_str      0x00000000    0x88dc9
 .debug_str     0x00000000    0x786c2 Drivers/STM32F1xx_HAL_Driver/Src/stm32f1xx_hal.o
                              0x78a5f (size before relaxing)
 .debug_str     0x000786c2      0x6ad Drivers/STM32F1xx_HAL_Driver/Src/stm32f1xx_hal_adc.o
                              0x78a80 (size before relaxing)
 .debug_str     0x00078d6f      0x2d8 Drivers/STM32F1xx_HAL_Driver/Src/stm32f1xx_hal_cortex.o
                              0x78a2e (size before relaxing)
 .debug_str     0x00079047      0x3aa Drivers/STM32F1xx_HAL_Driver/Src/stm32f1xx_hal_gpio.o
                              0x78775 (size before relaxing)
 .debug_str     0x000793f1      0xcd6 Drivers/STM32F1xx_HAL_Driver/Src/stm32f1xx_hal_i2c.o
                              0x792ae (size before relaxing)
 .debug_str     0x0007a0c7      0x7e1 Drivers/STM32F1xx_HAL_Driver/Src/stm32f1xx_hal_pcd.o
                              0x78be3 (size before relaxing)
 .debug_str     0x0007a8a8      0x348 Drivers/STM32F1xx_HAL_Driver/Src/stm32f1xx_hal_rcc.o
                              0x787ca (size before relaxing)
 .debug_str     0x0007abf0      0x110 Drivers/STM32F1xx_HAL_Driver/Src/stm32f1xx_hal_rcc_ex.o
                              0x78556 (size before relaxing)
 .debug_str     0x0007ad00      0x1ff Drivers/STM32F1xx_HAL_Driver/Src/stm32f1xx_hal_spi_ex.o
                              0x78756 (size before relaxing)
 .debug_str     0x0007aeff      0xf05 Drivers/STM32F1xx_HAL_Driver/Src/stm32f1xx_hal_tim.o
                              0x794ca (size before relaxing)
 .debug_str     0x0007be04      0x4f1 Drivers/STM32F1xx_HAL_Driver/Src/stm32f1xx_hal_tim_ex.o
                              0x78d6c (size before relaxing)
 .debug_str     0x0007c2f5      0x675 Drivers/STM32F1xx_HAL_Driver/Src/stm32f1xx_hal_uart.o
                              0x78ce3 (size before relaxing)
 .debug_str     0x0007c96a      0x154 Drivers/STM32F1xx_HAL_Driver/Src/stm32f1xx_ll_usb.o
                              0x78893 (size before relaxing)
 .debug_str     0x0007cabe     0x5d04 Middlewares/Third_Party/FreeRTOS/Source/CMSIS_RTOS/cmsis_os.o
                               0xcabe (size before relaxing)
 .debug_str     0x000827c2      0x234 Middlewares/Third_Party/FreeRTOS/Source/list.o
                               0x9d4e (size before relaxing)
 .debug_str     0x000829f6     0x10b7 Middlewares/Third_Party/FreeRTOS/Source/tasks.o
                               0xbde1 (size before relaxing)
 .debug_str     0x00083aad      0x666 Middlewares/Third_Party/FreeRTOS/Source/portable/GCC/ARM_CM3/port.o
                               0x7bdc (size before relaxing)
 .debug_str     0x00084113      0x243 Middlewares/Third_Party/FreeRTOS/Source/portable/MemMang/heap_4.o
                               0xa48e (size before relaxing)
 .debug_str     0x00084356       0x6e Src/adc.o
                              0x787b1 (size before relaxing)
 .debug_str     0x000843c4      0x3bb Src/bmp280.o
                              0x78b72 (size before relaxing)
 .debug_str     0x0008477f       0xfd Src/freertos.o
                              0x7e017 (size before relaxing)
 .debug_str     0x0008487c       0x25 Src/gpio.o
                              0x783f3 (size before relaxing)
 .debug_str     0x000848a1       0x31 Src/i2c.o
                              0x788d8 (size before relaxing)
 .debug_str     0x000848d2       0xe5 Src/i2cif.o
                              0x7893e (size before relaxing)
 .debug_str     0x000849b7       0xd5 Src/main.o
                              0x7e56e (size before relaxing)
 .debug_str     0x00084a8c     0x414f Src/mpu9250.o
                              0x7ca5f (size before relaxing)
 .debug_str     0x00088bdb       0x29 Src/spi.o
                              0x78808 (size before relaxing)
 .debug_str     0x00088c04       0x1b Src/stm32f1xx_hal_msp.o
                              0x786a3 (size before relaxing)
 .debug_str     0x00088c1f       0x9d Src/stm32f1xx_it.o
                              0x7d5ed (size before relaxing)
 .debug_str     0x00088cbc       0x69 Src/system_stm32f1xx.o
                              0x78420 (size before relaxing)
 .debug_str     0x00088d25       0x43 Src/tim.o
                              0x78982 (size before relaxing)
 .debug_str     0x00088d68       0x1a Src/usart.o
                              0x787f1 (size before relaxing)
 .debug_str     0x00088d82       0x17 Src/usb.o
                              0x786ff (size before relaxing)
 .debug_str     0x00088d99       0x30 startup/startup_stm32f103xb.o
                                 0x50 (size before relaxing)

.comment        0x00000000       0x7e
 .comment       0x00000000       0x7e Drivers/STM32F1xx_HAL_Driver/Src/stm32f1xx_hal.o
                                 0x7f (size before relaxing)
 .comment       0x0000007e       0x7f Drivers/STM32F1xx_HAL_Driver/Src/stm32f1xx_hal_adc.o
 .comment       0x0000007e       0x7f Drivers/STM32F1xx_HAL_Driver/Src/stm32f1xx_hal_cortex.o
 .comment       0x0000007e       0x7f Drivers/STM32F1xx_HAL_Driver/Src/stm32f1xx_hal_gpio.o
 .comment       0x0000007e       0x7f Drivers/STM32F1xx_HAL_Driver/Src/stm32f1xx_hal_i2c.o
 .comment       0x0000007e       0x7f Drivers/STM32F1xx_HAL_Driver/Src/stm32f1xx_hal_pcd.o
 .comment       0x0000007e       0x7f Drivers/STM32F1xx_HAL_Driver/Src/stm32f1xx_hal_rcc.o
 .comment       0x0000007e       0x7f Drivers/STM32F1xx_HAL_Driver/Src/stm32f1xx_hal_rcc_ex.o
 .comment       0x0000007e       0x7f Drivers/STM32F1xx_HAL_Driver/Src/stm32f1xx_hal_spi_ex.o
 .comment       0x0000007e       0x7f Drivers/STM32F1xx_HAL_Driver/Src/stm32f1xx_hal_tim.o
 .comment       0x0000007e       0x7f Drivers/STM32F1xx_HAL_Driver/Src/stm32f1xx_hal_tim_ex.o
 .comment       0x0000007e       0x7f Drivers/STM32F1xx_HAL_Driver/Src/stm32f1xx_hal_uart.o
 .comment       0x0000007e       0x7f Drivers/STM32F1xx_HAL_Driver/Src/stm32f1xx_ll_usb.o
 .comment       0x0000007e       0x7f Middlewares/Third_Party/FreeRTOS/Source/CMSIS_RTOS/cmsis_os.o
 .comment       0x0000007e       0x7f Middlewares/Third_Party/FreeRTOS/Source/list.o
 .comment       0x0000007e       0x7f Middlewares/Third_Party/FreeRTOS/Source/tasks.o
 .comment       0x0000007e       0x7f Middlewares/Third_Party/FreeRTOS/Source/portable/GCC/ARM_CM3/port.o
 .comment       0x0000007e       0x7f Middlewares/Third_Party/FreeRTOS/Source/portable/MemMang/heap_4.o
 .comment       0x0000007e       0x7f Src/adc.o
 .comment       0x0000007e       0x7f Src/bmp280.o
 .comment       0x0000007e       0x7f Src/freertos.o
 .comment       0x0000007e       0x7f Src/gpio.o
 .comment       0x0000007e       0x7f Src/i2c.o
 .comment       0x0000007e       0x7f Src/i2cif.o
 .comment       0x0000007e       0x7f Src/main.o
 .comment       0x0000007e       0x7f Src/mpu9250.o
 .comment       0x0000007e       0x7f Src/spi.o
 .comment       0x0000007e       0x7f Src/stm32f1xx_hal_msp.o
 .comment       0x0000007e       0x7f Src/stm32f1xx_it.o
 .comment       0x0000007e       0x7f Src/system_stm32f1xx.o
 .comment       0x0000007e       0x7f Src/tim.o
 .comment       0x0000007e       0x7f Src/usart.o